May  2 15:24:52 iv-splv-link postfix/cleanup[14527]: CB521160BA4: message-id=<20170502132452.CB521160BA4@link.itinet.fr>
May  2 15:24:52 iv-splv-link postfix/qmgr[20025]: CB521160BA4: from=<>, size=2500, nrcpt=1 (queue active)
May  2 15:24:52 iv-splv-link postfix/bounce[14530]: C6876160B94: sender non-delivery notification: CB521160BA4
May  2 15:24:52 iv-splv-link postfix/qmgr[20025]: C6876160B94: removed
May  2 15:24:52 iv-splv-link postfix/smtp[14529]: CB521160BA4: to=<root@IV-SPLV-DEB001.itinet.local>, relay=none, delay=0.01, delays=0/0/0/0, dsn=5.4.4, status=bounced (Host or domain name not found. Name service error for name=IV-SPLV-DEB001.itinet.local type=A: Host not found)
May  2 15:24:52 iv-splv-link postfix/qmgr[20025]: CB521160BA4: removed
May  3 07:38:28 iv-splv-link postfix/master[1194]: daemon started -- version 2.11.3, configuration /etc/postfix
May  3 08:16:23 iv-splv-link postfix/master[1181]: daemon started -- version 2.11.3, configuration /etc/postfix
May  3 14:13:35 iv-splv-link postfix/master[1110]: daemon started -- version 2.11.3, configuration /etc/postfix
May  3 15:09:31 iv-splv-link postfix/pickup[1118]: A87B7160ECC: uid=0 from=<root>
May  3 15:09:31 iv-splv-link postfix/cleanup[1560]: A87B7160ECC: message-id=<20170503130931.A87B7160ECC@link.itinet.fr>
May  3 15:09:31 iv-splv-link postfix/qmgr[1119]: A87B7160ECC: from=<root@IV-SPLV-DEB001.itinet.local>, size=461, nrcpt=1 (queue active)
May  3 15:09:31 iv-splv-link postfix/smtp[1562]: A87B7160ECC: to=<root@IV-SPLV-DEB001.itinet.local>, orig_to=<root>, relay=none, delay=0.14, delays=0.07/0.03/0.04/0, dsn=5.4.4, status=bounced (Host or domain name not found. Name service error for name=IV-SPLV-DEB001.itinet.local type=A: Host not found)
May  3 15:09:31 iv-splv-link postfix/cleanup[1560]: C8B55160ECD: message-id=<20170503130931.C8B55160ECD@link.itinet.fr>
May  3 15:09:31 iv-splv-link postfix/qmgr[1119]: C8B55160ECD: from=<>, size=2500, nrcpt=1 (queue active)
May  3 15:09:31 iv-splv-link postfix/bounce[1563]: A87B7160ECC: sender non-delivery notification: C8B55160ECD
May  3 15:09:31 iv-splv-link postfix/qmgr[1119]: A87B7160ECC: removed
May  3 15:09:31 iv-splv-link postfix/smtp[1562]: C8B55160ECD: to=<root@IV-SPLV-DEB001.itinet.local>, relay=none, delay=0.13, delays=0.01/0/0.12/0, dsn=5.4.4, status=bounced (Host or domain name not found. Name service error for name=IV-SPLV-DEB001.itinet.local type=A: Host not found)
May  3 15:09:31 iv-splv-link postfix/qmgr[1119]: C8B55160ECD: removed
May  4 09:48:52 iv-splv-link postfix/pickup[3463]: 9F86C160ED5: uid=0 from=<root>
May  4 09:48:52 iv-splv-link postfix/cleanup[4322]: 9F86C160ED5: message-id=<20170504074852.9F86C160ED5@link.itinet.fr>
May  4 09:48:52 iv-splv-link postfix/qmgr[1119]: 9F86C160ED5: from=<root@IV-SPLV-DEB001.itinet.local>, size=461, nrcpt=1 (queue active)
May  4 09:48:52 iv-splv-link postfix/pickup[3463]: BBF51160ED6: uid=0 from=<root>
May  4 09:48:52 iv-splv-link postfix/cleanup[4322]: BBF51160ED6: message-id=<20170504074852.BBF51160ED6@link.itinet.fr>
May  4 09:48:52 iv-splv-link postfix/qmgr[1119]: BBF51160ED6: from=<root@IV-SPLV-DEB001.itinet.local>, size=461, nrcpt=1 (queue active)
May  4 09:48:52 iv-splv-link postfix/smtp[4324]: 9F86C160ED5: to=<root@IV-SPLV-DEB001.itinet.local>, orig_to=<root>, relay=none, delay=0.13, delays=0.03/0/0.1/0, dsn=5.4.4, status=bounced (Host or domain name not found. Name service error for name=IV-SPLV-DEB001.itinet.local type=A: Host not found)
May  4 09:48:52 iv-splv-link postfix/cleanup[4322]: BF3F9160ED7: message-id=<20170504074852.BF3F9160ED7@link.itinet.fr>
May  4 09:48:52 iv-splv-link postfix/qmgr[1119]: BF3F9160ED7: from=<>, size=2500, nrcpt=1 (queue active)
May  4 09:48:52 iv-splv-link postfix/bounce[4331]: 9F86C160ED5: sender non-delivery notification: BF3F9160ED7
May  4 09:48:52 iv-splv-link postfix/qmgr[1119]: 9F86C160ED5: removed
May  4 09:48:52 iv-splv-link postfix/smtp[4332]: BBF51160ED6: to=<root@IV-SPLV-DEB001.itinet.local>, orig_to=<root>, relay=none, delay=0.13, delays=0.01/0.01/0.11/0, dsn=5.4.4, status=bounced (Host or domain name not found. Name service error for name=IV-SPLV-DEB001.itinet.local type=A: Host not found)
May  4 09:48:52 iv-splv-link postfix/pickup[3463]: E9525160ED9: uid=0 from=<root>
May  4 09:48:52 iv-splv-link postfix/cleanup[4322]: E9525160ED9: message-id=<20170504074852.E9525160ED9@link.itinet.fr>
May  4 09:48:52 iv-splv-link postfix/smtp[4324]: BF3F9160ED7: to=<root@IV-SPLV-DEB001.itinet.local>, relay=none, delay=0.1, delays=0/0/0.1/0, dsn=5.4.4, status=bounced (Host or domain name not found. Name service error for name=IV-SPLV-DEB001.itinet.local type=A: Host not found)
May  4 09:48:52 iv-splv-link postfix/qmgr[1119]: BF3F9160ED7: removed
May  4 09:48:52 iv-splv-link postfix/cleanup[4340]: EB414160ED7: message-id=<20170504074852.EB414160ED7@link.itinet.fr>
May  4 09:48:52 iv-splv-link postfix/qmgr[1119]: E9525160ED9: from=<root@IV-SPLV-DEB001.itinet.local>, size=461, nrcpt=1 (queue active)
May  4 09:48:52 iv-splv-link postfix/qmgr[1119]: EB414160ED7: from=<>, size=2500, nrcpt=1 (queue active)
May  4 09:48:52 iv-splv-link postfix/bounce[4331]: BBF51160ED6: sender non-delivery notification: EB414160ED7
May  4 09:48:52 iv-splv-link postfix/qmgr[1119]: BBF51160ED6: removed
May  4 09:48:53 iv-splv-link postfix/smtp[4332]: E9525160ED9: to=<root@IV-SPLV-DEB001.itinet.local>, orig_to=<root>, relay=none, delay=0.21, delays=0.12/0/0.09/0, dsn=5.4.4, status=bounced (Host or domain name not found. Name service error for name=IV-SPLV-DEB001.itinet.local type=A: Host not found)
May  4 09:48:53 iv-splv-link postfix/smtp[4324]: EB414160ED7: to=<root@IV-SPLV-DEB001.itinet.local>, relay=none, delay=0.1, delays=0.03/0/0.07/0, dsn=5.4.4, status=bounced (Host or domain name not found. Name service error for name=IV-SPLV-DEB001.itinet.local type=A: Host not found)
May  4 09:48:53 iv-splv-link postfix/qmgr[1119]: EB414160ED7: removed
May  4 09:48:53 iv-splv-link postfix/cleanup[4322]: 19C84160ED6: message-id=<20170504074853.19C84160ED6@link.itinet.fr>
May  4 09:48:53 iv-splv-link postfix/qmgr[1119]: 19C84160ED6: from=<>, size=2500, nrcpt=1 (queue active)
May  4 09:48:53 iv-splv-link postfix/bounce[4341]: E9525160ED9: sender non-delivery notification: 19C84160ED6
May  4 09:48:53 iv-splv-link postfix/qmgr[1119]: E9525160ED9: removed
May  4 09:48:53 iv-splv-link postfix/smtp[4324]: 19C84160ED6: to=<root@IV-SPLV-DEB001.itinet.local>, relay=none, delay=0.08, delays=0/0/0.07/0, dsn=5.4.4, status=bounced (Host or domain name not found. Name service error for name=IV-SPLV-DEB001.itinet.local type=A: Host not found)
May  4 09:48:53 iv-splv-link postfix/qmgr[1119]: 19C84160ED6: removed
May  4 09:48:53 iv-splv-link postfix/pickup[3463]: 37A78160ED5: uid=0 from=<root>
May  4 09:48:53 iv-splv-link postfix/cleanup[4340]: 37A78160ED5: message-id=<20170504074853.GA4336@link.itinet.fr>
May  4 09:48:53 iv-splv-link postfix/qmgr[1119]: 37A78160ED5: from=<root@IV-SPLV-DEB001.itinet.local>, size=1732, nrcpt=1 (queue active)
May  4 09:48:54 iv-splv-link postfix/smtp[4332]: 37A78160ED5: to=<thiburce@intechinfo.fr>, relay=intechinfo-fr.mail.protection.outlook.com[94.245.120.74]:25, delay=1.5, delays=0.02/0/0.36/1.1, dsn=2.6.0, status=sent (250 2.6.0 <20170504074853.GA4336@link.itinet.fr> [InternalId=8924942049600, Hostname=HE1PR0102MB2762.eurprd01.prod.exchangelabs.com] 8089 bytes in 0.274, 28.739 KB/sec Queued mail for delivery)
May  4 09:48:54 iv-splv-link postfix/qmgr[1119]: 37A78160ED5: removed
May  4 09:50:13 iv-splv-link postfix/pickup[3463]: 977BA160ED5: uid=0 from=<root>
May  4 09:50:13 iv-splv-link postfix/cleanup[4322]: 977BA160ED5: message-id=<20170504075013.977BA160ED5@link.itinet.fr>
May  4 09:50:13 iv-splv-link postfix/qmgr[1119]: 977BA160ED5: from=<root@IV-SPLV-DEB001.itinet.local>, size=461, nrcpt=1 (queue active)
May  4 09:50:13 iv-splv-link postfix/pickup[3463]: B29C1160ED7: uid=0 from=<root>
May  4 09:50:13 iv-splv-link postfix/cleanup[4340]: B29C1160ED7: message-id=<20170504075013.B29C1160ED7@link.itinet.fr>
May  4 09:50:13 iv-splv-link postfix/qmgr[1119]: B29C1160ED7: from=<root@IV-SPLV-DEB001.itinet.local>, size=461, nrcpt=1 (queue active)
May  4 09:50:13 iv-splv-link postfix/smtp[4324]: 977BA160ED5: to=<root@IV-SPLV-DEB001.itinet.local>, orig_to=<root>, relay=none, delay=0.12, delays=0.01/0/0.11/0, dsn=5.4.4, status=bounced (Host or domain name not found. Name service error for name=IV-SPLV-DEB001.itinet.local type=A: Host not found)
May  4 09:50:13 iv-splv-link postfix/cleanup[4322]: B5DA0160ED8: message-id=<20170504075013.B5DA0160ED8@link.itinet.fr>
May  4 09:50:13 iv-splv-link postfix/qmgr[1119]: B5DA0160ED8: from=<>, size=2500, nrcpt=1 (queue active)
May  4 09:50:13 iv-splv-link postfix/bounce[4341]: 977BA160ED5: sender non-delivery notification: B5DA0160ED8
May  4 09:50:13 iv-splv-link postfix/qmgr[1119]: 977BA160ED5: removed
May  4 09:50:13 iv-splv-link postfix/smtp[4324]: B5DA0160ED8: to=<root@IV-SPLV-DEB001.itinet.local>, relay=none, delay=0.09, delays=0/0/0.08/0, dsn=5.4.4, status=bounced (Host or domain name not found. Name service error for name=IV-SPLV-DEB001.itinet.local type=A: Host not found)
May  4 09:50:13 iv-splv-link postfix/qmgr[1119]: B5DA0160ED8: removed
May  4 09:50:13 iv-splv-link postfix/smtp[4332]: B29C1160ED7: to=<root@IV-SPLV-DEB001.itinet.local>, orig_to=<root>, relay=none, delay=0.11, delays=0.01/0/0.1/0, dsn=5.4.4, status=bounced (Host or domain name not found. Name service error for name=IV-SPLV-DEB001.itinet.local type=A: Host not found)
May  4 09:50:13 iv-splv-link postfix/cleanup[4340]: CDD3A160ED4: message-id=<20170504075013.CDD3A160ED4@link.itinet.fr>
May  4 09:50:13 iv-splv-link postfix/qmgr[1119]: CDD3A160ED4: from=<>, size=2500, nrcpt=1 (queue active)
May  4 09:50:13 iv-splv-link postfix/bounce[4341]: B29C1160ED7: sender non-delivery notification: CDD3A160ED4
May  4 09:50:13 iv-splv-link postfix/qmgr[1119]: B29C1160ED7: removed
May  4 09:50:13 iv-splv-link postfix/pickup[3463]: D285C160ED7: uid=0 from=<root>
May  4 09:50:13 iv-splv-link postfix/cleanup[4322]: D285C160ED7: message-id=<20170504075013.D285C160ED7@link.itinet.fr>
May  4 09:50:13 iv-splv-link postfix/qmgr[1119]: D285C160ED7: from=<root@IV-SPLV-DEB001.itinet.local>, size=461, nrcpt=1 (queue active)
May  4 09:50:13 iv-splv-link postfix/pickup[3463]: D86A2160ED8: uid=0 from=<root>
May  4 09:50:13 iv-splv-link postfix/cleanup[4340]: D86A2160ED8: message-id=<20170504075013.GA4411@link.itinet.fr>
May  4 09:50:13 iv-splv-link postfix/qmgr[1119]: D86A2160ED8: from=<root@IV-SPLV-DEB001.itinet.local>, size=1732, nrcpt=1 (queue active)
May  4 09:50:13 iv-splv-link postfix/pickup[3463]: E0EC4160ED9: uid=0 from=<root>
May  4 09:50:13 iv-splv-link postfix/cleanup[4322]: E0EC4160ED9: message-id=<20170504075013.GA4424@link.itinet.fr>
May  4 09:50:13 iv-splv-link postfix/qmgr[1119]: E0EC4160ED9: from=<root@IV-SPLV-DEB001.itinet.local>, size=1752, nrcpt=1 (queue active)
May  4 09:50:13 iv-splv-link postfix/smtp[4332]: D285C160ED7: to=<root@IV-SPLV-DEB001.itinet.local>, orig_to=<root>, relay=none, delay=0.1, delays=0.02/0/0.08/0, dsn=5.4.4, status=bounced (Host or domain name not found. Name service error for name=IV-SPLV-DEB001.itinet.local type=A: Host not found)
May  4 09:50:13 iv-splv-link postfix/smtp[4324]: CDD3A160ED4: to=<root@IV-SPLV-DEB001.itinet.local>, relay=none, delay=0.11, delays=0.01/0/0.1/0, dsn=5.4.4, status=bounced (Host or domain name not found. Name service error for name=IV-SPLV-DEB001.itinet.local type=A: Host not found)
May  4 09:50:13 iv-splv-link postfix/qmgr[1119]: CDD3A160ED4: removed
May  4 09:50:13 iv-splv-link postfix/cleanup[4340]: EAD59160EDB: message-id=<20170504075013.EAD59160EDB@link.itinet.fr>
May  4 09:50:13 iv-splv-link postfix/qmgr[1119]: EAD59160EDB: from=<>, size=2500, nrcpt=1 (queue active)
May  4 09:50:13 iv-splv-link postfix/bounce[4341]: D285C160ED7: sender non-delivery notification: EAD59160EDB
May  4 09:50:13 iv-splv-link postfix/qmgr[1119]: D285C160ED7: removed
May  4 09:50:14 iv-splv-link postfix/smtp[4332]: EAD59160EDB: to=<root@IV-SPLV-DEB001.itinet.local>, relay=none, delay=0.08, delays=0.01/0/0.08/0, dsn=5.4.4, status=bounced (Host or domain name not found. Name service error for name=IV-SPLV-DEB001.itinet.local type=A: Host not found)
May  4 09:50:14 iv-splv-link postfix/qmgr[1119]: EAD59160EDB: removed
May  4 09:50:14 iv-splv-link postfix/smtp[4436]: E0EC4160ED9: to=<tjchris78@gmail.com>, relay=gmail-smtp-in.l.google.com[74.125.143.27]:25, delay=1.1, delays=0.01/0/0.49/0.54, dsn=2.0.0, status=sent (250 2.0.0 OK 1493884564 b102si903342edf.144 - gsmtp)
May  4 09:50:14 iv-splv-link postfix/qmgr[1119]: E0EC4160ED9: removed
May  4 09:50:16 iv-splv-link postfix/smtp[4430]: D86A2160ED8: to=<thiburce@intechinfo.fr>, relay=intechinfo-fr.mail.protection.outlook.com[213.199.154.138]:25, delay=2.2, delays=0.02/0/0.35/1.8, dsn=2.6.0, status=sent (250 2.6.0 <20170504075013.GA4411@link.itinet.fr> [InternalId=8959301790519, Hostname=VI1PR0102MB2768.eurprd01.prod.exchangelabs.com] 8918 bytes in 0.206, 42.148 KB/sec Queued mail for delivery)
May  4 09:50:16 iv-splv-link postfix/qmgr[1119]: D86A2160ED8: removed
May  4 09:52:32 iv-splv-link postfix/pickup[3463]: 87B47160ED5: uid=0 from=<root>
May  4 09:52:32 iv-splv-link postfix/cleanup[4451]: 87B47160ED5: message-id=<20170504075232.87B47160ED5@link.itinet.fr>
May  4 09:52:32 iv-splv-link postfix/qmgr[1119]: 87B47160ED5: from=<root@IV-SPLV-DEB001.itinet.local>, size=461, nrcpt=1 (queue active)
May  4 09:52:32 iv-splv-link postfix/smtp[4452]: 87B47160ED5: to=<root@IV-SPLV-DEB001.itinet.local>, orig_to=<root>, relay=none, delay=0.06, delays=0.03/0.01/0.02/0, dsn=5.4.4, status=bounced (Host or domain name not found. Name service error for name=IV-SPLV-DEB001.itinet.local type=A: Host not found)
May  4 09:52:32 iv-splv-link postfix/cleanup[4451]: 9591A160ED7: message-id=<20170504075232.9591A160ED7@link.itinet.fr>
May  4 09:52:32 iv-splv-link postfix/qmgr[1119]: 9591A160ED7: from=<>, size=2500, nrcpt=1 (queue active)
May  4 09:52:32 iv-splv-link postfix/bounce[4453]: 87B47160ED5: sender non-delivery notification: 9591A160ED7
May  4 09:52:32 iv-splv-link postfix/qmgr[1119]: 87B47160ED5: removed
May  4 09:52:32 iv-splv-link postfix/smtp[4452]: 9591A160ED7: to=<root@IV-SPLV-DEB001.itinet.local>, relay=none, delay=0.04, delays=0.01/0/0.03/0, dsn=5.4.4, status=bounced (Host or domain name not found. Name service error for name=IV-SPLV-DEB001.itinet.local type=A: Host not found)
May  4 09:52:32 iv-splv-link postfix/qmgr[1119]: 9591A160ED7: removed
May  4 09:52:32 iv-splv-link postfix/pickup[3463]: A32A7160ED5: uid=0 from=<root>
May  4 09:52:32 iv-splv-link postfix/cleanup[4451]: A32A7160ED5: message-id=<20170504075232.A32A7160ED5@link.itinet.fr>
May  4 09:52:32 iv-splv-link postfix/qmgr[1119]: A32A7160ED5: from=<root@IV-SPLV-DEB001.itinet.local>, size=461, nrcpt=1 (queue active)
May  4 09:52:32 iv-splv-link postfix/smtp[4452]: A32A7160ED5: to=<root@IV-SPLV-DEB001.itinet.local>, orig_to=<root>, relay=none, delay=0.03, delays=0.02/0/0.02/0, dsn=5.4.4, status=bounced (Host or domain name not found. Name service error for name=IV-SPLV-DEB001.itinet.local type=A: Host not found)
May  4 09:52:32 iv-splv-link postfix/cleanup[4451]: AA5C9160ED8: message-id=<20170504075232.AA5C9160ED8@link.itinet.fr>
May  4 09:52:32 iv-splv-link postfix/qmgr[1119]: AA5C9160ED8: from=<>, size=2500, nrcpt=1 (queue active)
May  4 09:52:32 iv-splv-link postfix/bounce[4454]: A32A7160ED5: sender non-delivery notification: AA5C9160ED8
May  4 09:52:32 iv-splv-link postfix/pickup[3463]: AD348160567: uid=0 from=<root>
May  4 09:52:32 iv-splv-link postfix/qmgr[1119]: A32A7160ED5: removed
May  4 09:52:32 iv-splv-link postfix/cleanup[4451]: AD348160567: message-id=<20170504075232.AD348160567@link.itinet.fr>
May  4 09:52:32 iv-splv-link postfix/qmgr[1119]: AD348160567: from=<root@IV-SPLV-DEB001.itinet.local>, size=461, nrcpt=1 (queue active)
May  4 09:52:32 iv-splv-link postfix/pickup[3463]: B1EBF160ED7: uid=0 from=<root>
May  4 09:52:32 iv-splv-link postfix/cleanup[4451]: B1EBF160ED7: message-id=<20170504075232.GA4469@link.itinet.fr>
May  4 09:52:32 iv-splv-link postfix/qmgr[1119]: B1EBF160ED7: from=<root@IV-SPLV-DEB001.itinet.local>, size=1732, nrcpt=1 (queue active)
May  4 09:52:32 iv-splv-link postfix/smtp[4452]: AA5C9160ED8: to=<root@IV-SPLV-DEB001.itinet.local>, relay=none, delay=0.03, delays=0.01/0/0.02/0, dsn=5.4.4, status=bounced (Host or domain name not found. Name service error for name=IV-SPLV-DEB001.itinet.local type=A: Host not found)
May  4 09:52:32 iv-splv-link postfix/qmgr[1119]: AA5C9160ED8: removed
May  4 09:52:32 iv-splv-link postfix/smtp[4481]: AD348160567: to=<root@IV-SPLV-DEB001.itinet.local>, orig_to=<root>, relay=none, delay=0.04, delays=0.02/0.01/0.02/0, dsn=5.4.4, status=bounced (Host or domain name not found. Name service error for name=IV-SPLV-DEB001.itinet.local type=A: Host not found)
May  4 09:52:32 iv-splv-link postfix/cleanup[4451]: B8BA2160ED5: message-id=<20170504075232.B8BA2160ED5@link.itinet.fr>
May  4 09:52:32 iv-splv-link postfix/qmgr[1119]: B8BA2160ED5: from=<>, size=2500, nrcpt=1 (queue active)
May  4 09:52:32 iv-splv-link postfix/bounce[4453]: AD348160567: sender non-delivery notification: B8BA2160ED5
May  4 09:52:32 iv-splv-link postfix/qmgr[1119]: AD348160567: removed
May  4 09:52:32 iv-splv-link postfix/pickup[3463]: BDF4F160ED8: uid=0 from=<root>
May  4 09:52:32 iv-splv-link postfix/cleanup[4451]: BDF4F160ED8: message-id=<20170504075232.GA4483@link.itinet.fr>
May  4 09:52:32 iv-splv-link postfix/qmgr[1119]: BDF4F160ED8: from=<root@IV-SPLV-DEB001.itinet.local>, size=1752, nrcpt=1 (queue active)
May  4 09:52:32 iv-splv-link postfix/smtp[4452]: B8BA2160ED5: to=<root@IV-SPLV-DEB001.itinet.local>, relay=none, delay=0.03, delays=0.01/0/0.02/0, dsn=5.4.4, status=bounced (Host or domain name not found. Name service error for name=IV-SPLV-DEB001.itinet.local type=A: Host not found)
May  4 09:52:32 iv-splv-link postfix/qmgr[1119]: B8BA2160ED5: removed
May  4 09:52:33 iv-splv-link postfix/smtp[4481]: BDF4F160ED8: to=<tjchris78@gmail.com>, relay=gmail-smtp-in.l.google.com[74.125.143.26]:25, delay=0.38, delays=0.02/0/0.16/0.2, dsn=2.0.0, status=sent (250 2.0.0 OK 1493884702 64si864034edy.309 - gsmtp)
May  4 09:52:33 iv-splv-link postfix/qmgr[1119]: BDF4F160ED8: removed
May  4 09:52:34 iv-splv-link postfix/smtp[4489]: B1EBF160ED7: to=<thiburce@intechinfo.fr>, relay=intechinfo-fr.mail.protection.outlook.com[94.245.120.74]:25, delay=2.2, delays=0.03/0/0.17/2, dsn=2.6.0, status=sent (250 2.6.0 <20170504075232.GA4469@link.itinet.fr> [InternalId=3448858747445, Hostname=AM5PR0102MB2753.eurprd01.prod.exchangelabs.com] 8091 bytes in 0.206, 38.248 KB/sec Queued mail for delivery)
May  4 09:52:34 iv-splv-link postfix/qmgr[1119]: B1EBF160ED7: removed
May  4 09:56:43 iv-splv-link postfix/pickup[3463]: 7051D160ED5: uid=0 from=<root>
May  4 09:56:43 iv-splv-link postfix/cleanup[4514]: 7051D160ED5: message-id=<20170504075643.GA4503@link.itinet.fr>
May  4 09:56:43 iv-splv-link postfix/qmgr[1119]: 7051D160ED5: from=<root@IV-SPLV-DEB001.itinet.local>, size=1756, nrcpt=1 (queue active)
May  4 09:56:44 iv-splv-link postfix/smtp[4516]: 7051D160ED5: to=<thiburce@intechinfo.fr>, relay=intechinfo-fr.mail.protection.outlook.com[94.245.120.74]:25, delay=1.2, delays=0.02/0/0.17/1, dsn=2.6.0, status=sent (250 2.6.0 <20170504075643.GA4503@link.itinet.fr> [InternalId=146028888730, Hostname=VI1SPR01MB04.eurprd01.prod.exchangelabs.com] 8185 bytes in 0.276, 28.923 KB/sec Queued mail for delivery)
May  4 09:56:44 iv-splv-link postfix/qmgr[1119]: 7051D160ED5: removed
May  4 10:15:50 iv-splv-link postfix/pickup[4519]: 7F101160ED5: uid=0 from=<root>
May  4 10:15:50 iv-splv-link postfix/cleanup[4739]: 7F101160ED5: message-id=<20170504081550.GA4728@link.itinet.fr>
May  4 10:15:50 iv-splv-link postfix/qmgr[1119]: 7F101160ED5: from=<root@IV-SPLV-DEB001.itinet.local>, size=1756, nrcpt=1 (queue active)
May  4 10:15:52 iv-splv-link postfix/smtp[4741]: 7F101160ED5: to=<thiburce@intechinfo.fr>, relay=intechinfo-fr.mail.protection.outlook.com[213.199.154.138]:25, delay=1.7, delays=0.02/0/0.59/1.1, dsn=2.6.0, status=sent (250 2.6.0 <20170504081550.GA4728@link.itinet.fr> [InternalId=4711579127796, Hostname=DB6PR0102MB2757.eurprd01.prod.exchangelabs.com] 8800 bytes in 0.158, 54.125 KB/sec Queued mail for delivery)
May  4 10:15:52 iv-splv-link postfix/qmgr[1119]: 7F101160ED5: removed
May  4 11:05:31 iv-splv-link postfix/pickup[4519]: AE506160ED5: uid=0 from=<root>
May  4 11:05:31 iv-splv-link postfix/cleanup[5012]: AE506160ED5: message-id=<20170504090531.GA5001@link.itinet.fr>
May  4 11:05:31 iv-splv-link postfix/qmgr[1119]: AE506160ED5: from=<root@IV-SPLV-DEB001.itinet.local>, size=1732, nrcpt=1 (queue active)
May  4 11:05:31 iv-splv-link postfix/pickup[4519]: B75AA160ED7: uid=0 from=<root>
May  4 11:05:31 iv-splv-link postfix/cleanup[5012]: B75AA160ED7: message-id=<20170504090531.GA5013@link.itinet.fr>
May  4 11:05:31 iv-splv-link postfix/qmgr[1119]: B75AA160ED7: from=<root@IV-SPLV-DEB001.itinet.local>, size=1752, nrcpt=1 (queue active)
May  4 11:05:32 iv-splv-link postfix/smtp[5026]: B75AA160ED7: to=<tjchris78@gmail.com>, relay=gmail-smtp-in.l.google.com[74.125.143.26]:25, delay=0.68, delays=0.01/0/0.22/0.45, dsn=2.0.0, status=sent (250 2.0.0 OK 1493889081 u26si1022519edf.284 - gsmtp)
May  4 11:05:32 iv-splv-link postfix/qmgr[1119]: B75AA160ED7: removed
May  4 11:05:33 iv-splv-link postfix/smtp[5019]: AE506160ED5: to=<thiburce@intechinfo.fr>, relay=intechinfo-fr.mail.protection.outlook.com[213.199.154.106]:25, delay=1.6, delays=0.02/0/0.16/1.4, dsn=2.6.0, status=sent (250 2.6.0 <20170504090531.GA5001@link.itinet.fr> [InternalId=8929237010719, Hostname=DB6PR0102MB2758.eurprd01.prod.exchangelabs.com] 8645 bytes in 0.317, 26.615 KB/sec Queued mail for delivery)
May  4 11:05:33 iv-splv-link postfix/qmgr[1119]: AE506160ED5: removed
May  4 11:09:18 iv-splv-link postfix/pickup[4519]: 4D5C0160E9D: uid=0 from=<root>
May  4 11:09:18 iv-splv-link postfix/cleanup[5130]: 4D5C0160E9D: message-id=<20170504090918.GA5119@link.itinet.fr>
May  4 11:09:18 iv-splv-link postfix/qmgr[1119]: 4D5C0160E9D: from=<root@IV-SPLV-DEB001.itinet.local>, size=1756, nrcpt=1 (queue active)
May  4 11:09:19 iv-splv-link postfix/smtp[5132]: 4D5C0160E9D: to=<thiburce@intechinfo.fr>, relay=intechinfo-fr.mail.protection.outlook.com[213.199.154.106]:25, delay=1.3, delays=0.02/0/0.16/1.1, dsn=2.6.0, status=sent (250 2.6.0 <20170504090918.GA5119@link.itinet.fr> [InternalId=4715874093885, Hostname=DB6PR0102MB2757.eurprd01.prod.exchangelabs.com] 8740 bytes in 0.307, 27.761 KB/sec Queued mail for delivery)
May  4 11:09:19 iv-splv-link postfix/qmgr[1119]: 4D5C0160E9D: removed
May  4 11:29:56 iv-splv-link postfix/pickup[4519]: 2D575160ED5: uid=0 from=<root>
May  4 11:29:56 iv-splv-link postfix/cleanup[5299]: 2D575160ED5: message-id=<20170504092956.GA5288@link.itinet.fr>
May  4 11:29:56 iv-splv-link postfix/qmgr[1119]: 2D575160ED5: from=<root@IV-SPLV-DEB001.itinet.local>, size=1575, nrcpt=1 (queue active)
May  4 11:29:57 iv-splv-link postfix/smtp[5301]: 2D575160ED5: to=<thiburce@intechinfo.fr>, relay=intechinfo-fr.mail.protection.outlook.com[213.199.154.138]:25, delay=1.3, delays=0.02/0/0.19/1.1, dsn=2.6.0, status=sent (250 2.6.0 <20170504092956.GA5288@link.itinet.fr> [InternalId=8937826949319, Hostname=DB6PR0102MB2760.eurprd01.prod.exchangelabs.com] 8621 bytes in 0.306, 27.436 KB/sec Queued mail for delivery)
May  4 11:29:57 iv-splv-link postfix/qmgr[1119]: 2D575160ED5: removed
May  4 12:15:03 iv-splv-link postfix/pickup[5303]: BA71D160E9D: uid=0 from=<root>
May  4 12:15:03 iv-splv-link postfix/cleanup[5669]: BA71D160E9D: message-id=<20170504101503.GA5658@link.itinet.fr>
May  4 12:15:03 iv-splv-link postfix/qmgr[1119]: BA71D160E9D: from=<root@IV-SPLV-DEB001.itinet.local>, size=1732, nrcpt=1 (queue active)
May  4 12:15:03 iv-splv-link postfix/pickup[5303]: C28DA160ED5: uid=0 from=<root>
May  4 12:15:03 iv-splv-link postfix/cleanup[5669]: C28DA160ED5: message-id=<20170504101503.GA5670@link.itinet.fr>
May  4 12:15:03 iv-splv-link postfix/qmgr[1119]: C28DA160ED5: from=<root@IV-SPLV-DEB001.itinet.local>, size=1752, nrcpt=1 (queue active)
May  4 12:15:04 iv-splv-link postfix/smtp[5683]: C28DA160ED5: to=<tjchris78@gmail.com>, relay=gmail-smtp-in.l.google.com[74.125.143.27]:25, delay=0.84, delays=0.01/0/0.52/0.31, dsn=2.0.0, status=sent (250 2.0.0 OK 1493893253 l6si1007229ede.337 - gsmtp)
May  4 12:15:04 iv-splv-link postfix/qmgr[1119]: C28DA160ED5: removed
May  4 12:15:05 iv-splv-link postfix/smtp[5676]: BA71D160E9D: to=<thiburce@intechinfo.fr>, relay=intechinfo-fr.mail.protection.outlook.com[213.199.154.138]:25, delay=1.9, delays=0.02/0/0.56/1.3, dsn=2.6.0, status=sent (250 2.6.0 <20170504101503.GA5658@link.itinet.fr> [InternalId=8933531979229, Hostname=DB6PR0102MB2758.eurprd01.prod.exchangelabs.com] 8772 bytes in 0.264, 32.338 KB/sec Queued mail for delivery)
May  4 12:15:05 iv-splv-link postfix/qmgr[1119]: BA71D160E9D: removed
May  4 12:17:31 iv-splv-link postfix/pickup[5303]: B1D7C160E9B: uid=0 from=<root>
May  4 12:17:31 iv-splv-link postfix/cleanup[5756]: B1D7C160E9B: message-id=<20170504101731.GA5745@link.itinet.fr>
May  4 12:17:31 iv-splv-link postfix/qmgr[1119]: B1D7C160E9B: from=<root@IV-SPLV-DEB001.itinet.local>, size=1575, nrcpt=1 (queue active)
May  4 12:17:33 iv-splv-link postfix/smtp[5758]: B1D7C160E9B: to=<thiburce@intechinfo.fr>, relay=intechinfo-fr.mail.protection.outlook.com[94.245.120.74]:25, delay=1.7, delays=0.02/0/0.17/1.5, dsn=2.6.0, status=sent (250 2.6.0 <20170504101731.GA5745@link.itinet.fr> [InternalId=2289217572836, Hostname=HE1PR0102MB2761.eurprd01.prod.exchangelabs.com] 7930 bytes in 0.273, 28.316 KB/sec Queued mail for delivery)
May  4 12:17:33 iv-splv-link postfix/qmgr[1119]: B1D7C160E9B: removed
