May 10 13:49:51 iv-splv-link postfix/pickup[21793]: 2585F160CA1: uid=0 from=<root>
May 10 13:49:51 iv-splv-link postfix/cleanup[22094]: 2585F160CA1: message-id=<20170510114951.GA22083@link.itinet.fr>
May 10 13:49:51 iv-splv-link postfix/qmgr[1119]: 2585F160CA1: from=<root@IV-SPLV-DEB001.itinet.local>, size=1734, nrcpt=1 (queue active)
May 10 13:49:51 iv-splv-link postfix/pickup[21793]: 2ECFF160EB8: uid=0 from=<root>
May 10 13:49:51 iv-splv-link postfix/cleanup[22094]: 2ECFF160EB8: message-id=<20170510114951.GA22095@link.itinet.fr>
May 10 13:49:51 iv-splv-link postfix/qmgr[1119]: 2ECFF160EB8: from=<root@IV-SPLV-DEB001.itinet.local>, size=1754, nrcpt=1 (queue active)
May 10 13:49:51 iv-splv-link postfix/smtp[22108]: 2ECFF160EB8: to=<tjchris78@gmail.com>, relay=gmail-smtp-in.l.google.com[108.177.15.27]:25, delay=0.56, delays=0.01/0/0.19/0.35, dsn=2.0.0, status=sent (250 2.0.0 OK 1494417339 n6si3221902wrn.211 - gsmtp)
May 10 13:49:51 iv-splv-link postfix/qmgr[1119]: 2ECFF160EB8: removed
May 10 13:49:52 iv-splv-link postfix/smtp[22101]: 2585F160CA1: to=<thiburce@intechinfo.fr>, relay=intechinfo-fr.mail.protection.outlook.com[213.199.154.138]:25, delay=1.3, delays=0.02/0/0.19/1.1, dsn=2.6.0, status=sent (250 2.6.0 <20170510114951.GA22083@link.itinet.fr> [InternalId=9594956948919, Hostname=VI1PR0102MB2768.eurprd01.prod.exchangelabs.com] 8945 bytes in 0.256, 34.010 KB/sec Queued mail for delivery)
May 10 13:49:52 iv-splv-link postfix/qmgr[1119]: 2585F160CA1: removed
May 13 15:55:01 iv-splv-link postfix/pickup[8681]: A449D160EE7: uid=0 from=<root>
May 13 15:55:01 iv-splv-link postfix/cleanup[8854]: A449D160EE7: message-id=<20170513135501.A449D160EE7@link.itinet.fr>
May 13 15:55:01 iv-splv-link postfix/qmgr[1119]: A449D160EE7: from=<root@IV-SPLV-DEB001.itinet.local>, size=1128, nrcpt=1 (queue active)
May 13 15:55:01 iv-splv-link postfix/pickup[8681]: A61A9160EC7: uid=0 from=<root>
May 13 15:55:01 iv-splv-link postfix/cleanup[8854]: A61A9160EC7: message-id=<20170513135501.A61A9160EC7@link.itinet.fr>
May 13 15:55:01 iv-splv-link postfix/qmgr[1119]: A61A9160EC7: from=<root@IV-SPLV-DEB001.itinet.local>, size=1127, nrcpt=1 (queue active)
May 13 15:55:01 iv-splv-link postfix/smtp[8856]: A449D160EE7: to=<root@IV-SPLV-DEB001.itinet.local>, orig_to=<root>, relay=none, delay=0.05, delays=0.02/0/0.03/0, dsn=5.4.4, status=bounced (Host or domain name not found. Name service error for name=IV-SPLV-DEB001.itinet.local type=A: Host not found)
May 13 15:55:01 iv-splv-link postfix/cleanup[8854]: B0600160EEB: message-id=<20170513135501.B0600160EEB@link.itinet.fr>
May 13 15:55:01 iv-splv-link postfix/smtp[8857]: A61A9160EC7: to=<root@IV-SPLV-DEB001.itinet.local>, orig_to=<root>, relay=none, delay=0.05, delays=0.02/0/0.03/0, dsn=5.4.4, status=bounced (Host or domain name not found. Name service error for name=IV-SPLV-DEB001.itinet.local type=A: Host not found)
May 13 15:55:01 iv-splv-link postfix/cleanup[8860]: B1E91160EED: message-id=<20170513135501.B1E91160EED@link.itinet.fr>
May 13 15:55:01 iv-splv-link postfix/qmgr[1119]: B0600160EEB: from=<>, size=3233, nrcpt=1 (queue active)
May 13 15:55:01 iv-splv-link postfix/bounce[8859]: A449D160EE7: sender non-delivery notification: B0600160EEB
May 13 15:55:01 iv-splv-link postfix/qmgr[1119]: A449D160EE7: removed
May 13 15:55:01 iv-splv-link postfix/qmgr[1119]: B1E91160EED: from=<>, size=3232, nrcpt=1 (queue active)
May 13 15:55:01 iv-splv-link postfix/bounce[8858]: A61A9160EC7: sender non-delivery notification: B1E91160EED
May 13 15:55:01 iv-splv-link postfix/qmgr[1119]: A61A9160EC7: removed
May 13 15:55:01 iv-splv-link postfix/smtp[8856]: B0600160EEB: to=<root@IV-SPLV-DEB001.itinet.local>, relay=none, delay=0.03, delays=0.01/0/0.02/0, dsn=5.4.4, status=bounced (Host or domain name not found. Name service error for name=IV-SPLV-DEB001.itinet.local type=A: Host not found)
May 13 15:55:01 iv-splv-link postfix/qmgr[1119]: B0600160EEB: removed
May 13 15:55:01 iv-splv-link postfix/smtp[8857]: B1E91160EED: to=<root@IV-SPLV-DEB001.itinet.local>, relay=none, delay=0.04, delays=0.01/0/0.03/0, dsn=5.4.4, status=bounced (Host or domain name not found. Name service error for name=IV-SPLV-DEB001.itinet.local type=A: Host not found)
May 13 15:55:01 iv-splv-link postfix/qmgr[1119]: B1E91160EED: removed
May 13 16:00:01 iv-splv-link postfix/pickup[8681]: A9A27160EDF: uid=0 from=<root>
May 13 16:00:01 iv-splv-link postfix/cleanup[8960]: A9A27160EDF: message-id=<20170513140001.A9A27160EDF@link.itinet.fr>
May 13 16:00:01 iv-splv-link postfix/qmgr[1119]: A9A27160EDF: from=<root@IV-SPLV-DEB001.itinet.local>, size=1127, nrcpt=1 (queue active)
May 13 16:00:01 iv-splv-link postfix/pickup[8681]: ABE4C160EDB: uid=0 from=<root>
May 13 16:00:01 iv-splv-link postfix/cleanup[8960]: ABE4C160EDB: message-id=<20170513140001.ABE4C160EDB@link.itinet.fr>
May 13 16:00:01 iv-splv-link postfix/qmgr[1119]: ABE4C160EDB: from=<root@IV-SPLV-DEB001.itinet.local>, size=1128, nrcpt=1 (queue active)
May 13 16:00:01 iv-splv-link postfix/smtp[8962]: A9A27160EDF: to=<root@IV-SPLV-DEB001.itinet.local>, orig_to=<root>, relay=none, delay=0.05, delays=0.01/0/0.03/0, dsn=5.4.4, status=bounced (Host or domain name not found. Name service error for name=IV-SPLV-DEB001.itinet.local type=A: Host not found)
May 13 16:00:01 iv-splv-link postfix/cleanup[8960]: B53DC160EE7: message-id=<20170513140001.B53DC160EE7@link.itinet.fr>
May 13 16:00:01 iv-splv-link postfix/qmgr[1119]: B53DC160EE7: from=<>, size=3232, nrcpt=1 (queue active)
May 13 16:00:01 iv-splv-link postfix/bounce[8964]: A9A27160EDF: sender non-delivery notification: B53DC160EE7
May 13 16:00:01 iv-splv-link postfix/qmgr[1119]: A9A27160EDF: removed
May 13 16:00:01 iv-splv-link postfix/smtp[8963]: ABE4C160EDB: to=<root@IV-SPLV-DEB001.itinet.local>, orig_to=<root>, relay=none, delay=0.06, delays=0.03/0/0.03/0, dsn=5.4.4, status=bounced (Host or domain name not found. Name service error for name=IV-SPLV-DEB001.itinet.local type=A: Host not found)
May 13 16:00:01 iv-splv-link postfix/cleanup[8960]: BA0C5160EDF: message-id=<20170513140001.BA0C5160EDF@link.itinet.fr>
May 13 16:00:01 iv-splv-link postfix/qmgr[1119]: BA0C5160EDF: from=<>, size=3233, nrcpt=1 (queue active)
May 13 16:00:01 iv-splv-link postfix/bounce[8964]: ABE4C160EDB: sender non-delivery notification: BA0C5160EDF
May 13 16:00:01 iv-splv-link postfix/qmgr[1119]: ABE4C160EDB: removed
May 13 16:00:01 iv-splv-link postfix/smtp[8962]: B53DC160EE7: to=<root@IV-SPLV-DEB001.itinet.local>, relay=none, delay=0.03, delays=0.01/0/0.03/0, dsn=5.4.4, status=bounced (Host or domain name not found. Name service error for name=IV-SPLV-DEB001.itinet.local type=A: Host not found)
May 13 16:00:01 iv-splv-link postfix/qmgr[1119]: B53DC160EE7: removed
May 13 16:00:01 iv-splv-link postfix/smtp[8963]: BA0C5160EDF: to=<root@IV-SPLV-DEB001.itinet.local>, relay=none, delay=0.02, delays=0/0/0.02/0, dsn=5.4.4, status=bounced (Host or domain name not found. Name service error for name=IV-SPLV-DEB001.itinet.local type=A: Host not found)
May 13 16:00:01 iv-splv-link postfix/qmgr[1119]: BA0C5160EDF: removed
May 13 16:05:01 iv-splv-link postfix/pickup[8681]: B22FA160EE7: uid=0 from=<root>
May 13 16:05:01 iv-splv-link postfix/cleanup[9031]: B22FA160EE7: message-id=<20170513140501.B22FA160EE7@link.itinet.fr>
May 13 16:05:01 iv-splv-link postfix/qmgr[1119]: B22FA160EE7: from=<root@IV-SPLV-DEB001.itinet.local>, size=1127, nrcpt=1 (queue active)
May 13 16:05:01 iv-splv-link postfix/pickup[8681]: B3D51160EDF: uid=0 from=<root>
May 13 16:05:01 iv-splv-link postfix/cleanup[9031]: B3D51160EDF: message-id=<20170513140501.B3D51160EDF@link.itinet.fr>
May 13 16:05:01 iv-splv-link postfix/qmgr[1119]: B3D51160EDF: from=<root@IV-SPLV-DEB001.itinet.local>, size=1128, nrcpt=1 (queue active)
May 13 16:05:01 iv-splv-link postfix/smtp[9033]: B22FA160EE7: to=<root@IV-SPLV-DEB001.itinet.local>, orig_to=<root>, relay=none, delay=0.04, delays=0.01/0/0.02/0, dsn=5.4.4, status=bounced (Host or domain name not found. Name service error for name=IV-SPLV-DEB001.itinet.local type=A: Host not found)
May 13 16:05:01 iv-splv-link postfix/cleanup[9031]: BBBD3160EEA: message-id=<20170513140501.BBBD3160EEA@link.itinet.fr>
May 13 16:05:01 iv-splv-link postfix/qmgr[1119]: BBBD3160EEA: from=<>, size=3232, nrcpt=1 (queue active)
May 13 16:05:01 iv-splv-link postfix/bounce[9035]: B22FA160EE7: sender non-delivery notification: BBBD3160EEA
May 13 16:05:01 iv-splv-link postfix/qmgr[1119]: B22FA160EE7: removed
May 13 16:05:01 iv-splv-link postfix/smtp[9034]: B3D51160EDF: to=<root@IV-SPLV-DEB001.itinet.local>, orig_to=<root>, relay=none, delay=0.05, delays=0.02/0/0.03/0, dsn=5.4.4, status=bounced (Host or domain name not found. Name service error for name=IV-SPLV-DEB001.itinet.local type=A: Host not found)
May 13 16:05:01 iv-splv-link postfix/cleanup[9031]: BD720160EDB: message-id=<20170513140501.BD720160EDB@link.itinet.fr>
May 13 16:05:01 iv-splv-link postfix/bounce[9035]: B3D51160EDF: sender non-delivery notification: BD720160EDB
May 13 16:05:01 iv-splv-link postfix/qmgr[1119]: B3D51160EDF: removed
May 13 16:05:01 iv-splv-link postfix/qmgr[1119]: BD720160EDB: from=<>, size=3233, nrcpt=1 (queue active)
May 13 16:05:01 iv-splv-link postfix/smtp[9033]: BBBD3160EEA: to=<root@IV-SPLV-DEB001.itinet.local>, relay=none, delay=0.02, delays=0.01/0/0.02/0, dsn=5.4.4, status=bounced (Host or domain name not found. Name service error for name=IV-SPLV-DEB001.itinet.local type=A: Host not found)
May 13 16:05:01 iv-splv-link postfix/qmgr[1119]: BBBD3160EEA: removed
May 13 16:05:01 iv-splv-link postfix/smtp[9034]: BD720160EDB: to=<root@IV-SPLV-DEB001.itinet.local>, relay=none, delay=0.03, delays=0/0/0.03/0, dsn=5.4.4, status=bounced (Host or domain name not found. Name service error for name=IV-SPLV-DEB001.itinet.local type=A: Host not found)
May 13 16:05:01 iv-splv-link postfix/qmgr[1119]: BD720160EDB: removed
