92.103.197.250 - - [23/May/2017:09:37:11 +0200] "POST /index.php?page=admin_modifs HTTP/1.1" 200 2007 "http://88.177.168.133:2236/index.php?page=admin_projets" "Mozilla/5.0 (Macintosh; Intel Mac OS X 10_12_4) AppleWebKit/603.1.30 (KHTML, like Gecko) Version/10.1 Safari/603.1.30"
92.103.197.250 - - [23/May/2017:09:37:49 +0200] "GET /index.php?page=admin_projets HTTP/1.1" 200 2147 "http://88.177.168.133:2236/index.php?page=admin_modifs" "Mozilla/5.0 (Macintosh; Intel Mac OS X 10_12_4) AppleWebKit/603.1.30 (KHTML, like Gecko) Version/10.1 Safari/603.1.30"
92.103.197.250 - - [23/May/2017:09:37:52 +0200] "POST /index.php?page=admin_projets HTTP/1.1" 200 2032 "http://88.177.168.133:2236/index.php?page=admin_projets" "Mozilla/5.0 (Macintosh; Intel Mac OS X 10_12_4) AppleWebKit/603.1.30 (KHTML, like Gecko) Version/10.1 Safari/603.1.30"
92.103.197.250 - - [23/May/2017:09:38:01 +0200] "POST /index.php?page=admin_modifs HTTP/1.1" 200 2007 "http://88.177.168.133:2236/index.php?page=admin_projets" "Mozilla/5.0 (Macintosh; Intel Mac OS X 10_12_4) AppleWebKit/603.1.30 (KHTML, like Gecko) Version/10.1 Safari/603.1.30"
92.103.197.250 - - [23/May/2017:09:39:42 +0200] "GET /index.php?page=admin_projets HTTP/1.1" 200 2147 "http://88.177.168.133:2236/index.php?page=admin_modifs" "Mozilla/5.0 (Macintosh; Intel Mac OS X 10_12_4) AppleWebKit/603.1.30 (KHTML, like Gecko) Version/10.1 Safari/603.1.30"
92.103.197.250 - - [23/May/2017:09:39:45 +0200] "POST /index.php?page=admin_projets HTTP/1.1" 200 2032 "http://88.177.168.133:2236/index.php?page=admin_projets" "Mozilla/5.0 (Macintosh; Intel Mac OS X 10_12_4) AppleWebKit/603.1.30 (KHTML, like Gecko) Version/10.1 Safari/603.1.30"
92.103.197.250 - - [23/May/2017:09:39:52 +0200] "POST /index.php?page=admin_modifs HTTP/1.1" 200 2007 "http://88.177.168.133:2236/index.php?page=admin_projets" "Mozilla/5.0 (Macintosh; Intel Mac OS X 10_12_4) AppleWebKit/603.1.30 (KHTML, like Gecko) Version/10.1 Safari/603.1.30"
92.103.197.250 - - [23/May/2017:09:40:21 +0200] "GET /index.php?page=admin_projets HTTP/1.1" 200 2158 "http://88.177.168.133:2236/index.php?page=admin_modifs" "Mozilla/5.0 (Macintosh; Intel Mac OS X 10_12_4) AppleWebKit/603.1.30 (KHTML, like Gecko) Version/10.1 Safari/603.1.30"
92.103.197.250 - - [23/May/2017:09:40:25 +0200] "POST /index.php?page=admin_projets HTTP/1.1" 200 2024 "http://88.177.168.133:2236/index.php?page=admin_projets" "Mozilla/5.0 (Macintosh; Intel Mac OS X 10_12_4) AppleWebKit/603.1.30 (KHTML, like Gecko) Version/10.1 Safari/603.1.30"
92.103.197.250 - - [23/May/2017:09:40:31 +0200] "POST /index.php?page=admin_modifs HTTP/1.1" 200 1990 "http://88.177.168.133:2236/index.php?page=admin_projets" "Mozilla/5.0 (Macintosh; Intel Mac OS X 10_12_4) AppleWebKit/603.1.30 (KHTML, like Gecko) Version/10.1 Safari/603.1.30"
92.103.197.250 - - [23/May/2017:09:40:35 +0200] "GET /index.php?page=admin_projets HTTP/1.1" 200 2158 "http://88.177.168.133:2236/index.php?page=admin_modifs" "Mozilla/5.0 (Macintosh; Intel Mac OS X 10_12_4) AppleWebKit/603.1.30 (KHTML, like Gecko) Version/10.1 Safari/603.1.30"
10.8.0.6 - - [23/May/2017:09:41:21 +0200] "GET /index.php?page=telechargement HTTP/1.1" 200 3885 "http://10.10.10.156/index.php?page=telechargement" "Mozilla/5.0 (Windows NT 10.0; Win64; x64) AppleWebKit/537.36 (KHTML, like Gecko) Chrome/58.0.3029.110 Safari/537.36"
10.8.0.6 - - [23/May/2017:09:41:24 +0200] "GET /index.php?page=telechargement HTTP/1.1" 200 3885 "http://10.10.10.156/index.php?page=telechargement" "Mozilla/5.0 (Windows NT 10.0; Win64; x64) AppleWebKit/537.36 (KHTML, like Gecko) Chrome/58.0.3029.110 Safari/537.36"
92.103.197.250 - - [23/May/2017:09:42:03 +0200] "POST /index.php?page=admin_projets HTTP/1.1" 200 2024 "http://88.177.168.133:2236/index.php?page=admin_projets" "Mozilla/5.0 (Macintosh; Intel Mac OS X 10_12_4) AppleWebKit/603.1.30 (KHTML, like Gecko) Version/10.1 Safari/603.1.30"
92.103.197.250 - - [23/May/2017:09:42:06 +0200] "POST /index.php?page=admin_modifs HTTP/1.1" 200 1990 "http://88.177.168.133:2236/index.php?page=admin_projets" "Mozilla/5.0 (Macintosh; Intel Mac OS X 10_12_4) AppleWebKit/603.1.30 (KHTML, like Gecko) Version/10.1 Safari/603.1.30"
92.103.197.250 - - [23/May/2017:09:42:08 +0200] "GET /index.php?page=admin_projets HTTP/1.1" 200 2158 "http://88.177.168.133:2236/index.php?page=admin_modifs" "Mozilla/5.0 (Macintosh; Intel Mac OS X 10_12_4) AppleWebKit/603.1.30 (KHTML, like Gecko) Version/10.1 Safari/603.1.30"
10.8.0.6 - - [23/May/2017:09:42:16 +0200] "GET /index.php?page=telechargement HTTP/1.1" 500 14 "http://10.10.10.156/index.php?page=telechargement" "Mozilla/5.0 (Windows NT 10.0; Win64; x64) AppleWebKit/537.36 (KHTML, like Gecko) Chrome/58.0.3029.110 Safari/537.36"
10.8.0.6 - - [23/May/2017:09:44:11 +0200] "POST /index.php?page=connexion HTTP/1.1" 200 3882 "http://10.10.10.156/index.php?page=connexion" "Mozilla/5.0 (Windows NT 10.0; Win64; x64) AppleWebKit/537.36 (KHTML, like Gecko) Chrome/58.0.3029.110 Safari/537.36"
10.8.0.6 - - [23/May/2017:09:44:15 +0200] "POST /index.php?page=connexion HTTP/1.1" 200 3882 "http://10.10.10.156/index.php?page=connexion" "Mozilla/5.0 (Windows NT 10.0; Win64; x64) AppleWebKit/537.36 (KHTML, like Gecko) Chrome/58.0.3029.110 Safari/537.36"
10.8.0.6 - - [23/May/2017:09:44:18 +0200] "GET /index.php?page=telechargement HTTP/1.1" 500 14 "http://10.10.10.156/index.php?page=connexion" "Mozilla/5.0 (Windows NT 10.0; Win64; x64) AppleWebKit/537.36 (KHTML, like Gecko) Chrome/58.0.3029.110 Safari/537.36"
10.8.0.6 - - [23/May/2017:09:44:24 +0200] "POST /index.php?page=connexion HTTP/1.1" 200 3882 "http://10.10.10.156/index.php?page=connexion" "Mozilla/5.0 (Windows NT 10.0; Win64; x64) AppleWebKit/537.36 (KHTML, like Gecko) Chrome/58.0.3029.110 Safari/537.36"
10.8.0.6 - - [23/May/2017:09:44:41 +0200] "POST /index.php?page=connexion HTTP/1.1" 200 3882 "http://10.10.10.156/index.php?page=connexion" "Mozilla/5.0 (Windows NT 10.0; Win64; x64) AppleWebKit/537.36 (KHTML, like Gecko) Chrome/58.0.3029.110 Safari/537.36"
10.8.0.6 - - [23/May/2017:09:44:44 +0200] "GET /index.php?page=telechargement HTTP/1.1" 500 15 "http://10.10.10.156/index.php?page=connexion" "Mozilla/5.0 (Windows NT 10.0; Win64; x64) AppleWebKit/537.36 (KHTML, like Gecko) Chrome/58.0.3029.110 Safari/537.36"
10.8.0.6 - - [23/May/2017:09:44:52 +0200] "POST /index.php?page=connexion HTTP/1.1" 200 3882 "http://10.10.10.156/index.php?page=connexion" "Mozilla/5.0 (Windows NT 10.0; Win64; x64) AppleWebKit/537.36 (KHTML, like Gecko) Chrome/58.0.3029.110 Safari/537.36"
10.8.0.6 - - [23/May/2017:09:45:08 +0200] "GET /index.php?page=telechargement HTTP/1.1" 500 5 "http://10.10.10.156/index.php?page=connexion" "Mozilla/5.0 (Windows NT 10.0; Win64; x64) AppleWebKit/537.36 (KHTML, like Gecko) Chrome/58.0.3029.110 Safari/537.36"
10.8.0.6 - - [23/May/2017:09:45:57 +0200] "GET /index.php?page=telechargement HTTP/1.1" 500 5 "-" "Mozilla/5.0 (Windows NT 10.0; Win64; x64) AppleWebKit/537.36 (KHTML, like Gecko) Chrome/58.0.3029.110 Safari/537.36"
10.8.0.6 - - [23/May/2017:09:46:02 +0200] "POST /index.php?page=connexion HTTP/1.1" 200 3882 "http://10.10.10.156/index.php?page=connexion" "Mozilla/5.0 (Windows NT 10.0; Win64; x64) AppleWebKit/537.36 (KHTML, like Gecko) Chrome/58.0.3029.110 Safari/537.36"
10.8.0.6 - - [23/May/2017:09:46:06 +0200] "GET /index.php?page=telechargement HTTP/1.1" 500 5 "http://10.10.10.156/index.php?page=connexion" "Mozilla/5.0 (Windows NT 10.0; Win64; x64) AppleWebKit/537.36 (KHTML, like Gecko) Chrome/58.0.3029.110 Safari/537.36"
10.8.0.6 - - [23/May/2017:09:46:11 +0200] "POST /index.php?page=connexion HTTP/1.1" 200 3882 "http://10.10.10.156/index.php?page=connexion" "Mozilla/5.0 (Windows NT 10.0; Win64; x64) AppleWebKit/537.36 (KHTML, like Gecko) Chrome/58.0.3029.110 Safari/537.36"
10.8.0.6 - - [23/May/2017:09:46:30 +0200] "POST /index.php?page=connexion HTTP/1.1" 200 3882 "http://10.10.10.156/index.php?page=connexion" "Mozilla/5.0 (Windows NT 10.0; Win64; x64) AppleWebKit/537.36 (KHTML, like Gecko) Chrome/58.0.3029.110 Safari/537.36"
10.8.0.6 - - [23/May/2017:09:46:33 +0200] "GET /index.php?page=telechargement HTTP/1.1" 500 5 "http://10.10.10.156/index.php?page=connexion" "Mozilla/5.0 (Windows NT 10.0; Win64; x64) AppleWebKit/537.36 (KHTML, like Gecko) Chrome/58.0.3029.110 Safari/537.36"
10.8.0.6 - - [23/May/2017:09:47:07 +0200] "POST /index.php?page=connexion HTTP/1.1" 200 3882 "http://10.10.10.156/index.php?page=connexion" "Mozilla/5.0 (Windows NT 10.0; Win64; x64) AppleWebKit/537.36 (KHTML, like Gecko) Chrome/58.0.3029.110 Safari/537.36"
10.8.0.6 - - [23/May/2017:09:47:12 +0200] "GET /index.php?page=telechargement HTTP/1.1" 500 13 "http://10.10.10.156/index.php?page=connexion" "Mozilla/5.0 (Windows NT 10.0; Win64; x64) AppleWebKit/537.36 (KHTML, like Gecko) Chrome/58.0.3029.110 Safari/537.36"
92.103.197.250 - - [23/May/2017:09:48:21 +0200] "POST /index.php?page=admin_projets HTTP/1.1" 200 2031 "http://88.177.168.133:2236/index.php?page=admin_projets" "Mozilla/5.0 (Macintosh; Intel Mac OS X 10_12_4) AppleWebKit/603.1.30 (KHTML, like Gecko) Version/10.1 Safari/603.1.30"
92.103.197.250 - - [23/May/2017:09:48:30 +0200] "POST /index.php?page=admin_modifs HTTP/1.1" 200 1991 "http://88.177.168.133:2236/index.php?page=admin_projets" "Mozilla/5.0 (Macintosh; Intel Mac OS X 10_12_4) AppleWebKit/603.1.30 (KHTML, like Gecko) Version/10.1 Safari/603.1.30"
92.103.197.250 - - [23/May/2017:09:48:33 +0200] "GET /index.php?page=admin_projets HTTP/1.1" 200 2164 "http://88.177.168.133:2236/index.php?page=admin_modifs" "Mozilla/5.0 (Macintosh; Intel Mac OS X 10_12_4) AppleWebKit/603.1.30 (KHTML, like Gecko) Version/10.1 Safari/603.1.30"
10.8.0.6 - - [23/May/2017:09:49:40 +0200] "POST /index.php?page=connexion HTTP/1.1" 200 3882 "http://10.10.10.156/index.php?page=connexion" "Mozilla/5.0 (Windows NT 10.0; Win64; x64) AppleWebKit/537.36 (KHTML, like Gecko) Chrome/58.0.3029.110 Safari/537.36"
10.8.0.6 - - [23/May/2017:09:49:46 +0200] "GET /index.php?page=telechargement HTTP/1.1" 500 5 "http://10.10.10.156/index.php?page=connexion" "Mozilla/5.0 (Windows NT 10.0; Win64; x64) AppleWebKit/537.36 (KHTML, like Gecko) Chrome/58.0.3029.110 Safari/537.36"
10.8.0.6 - - [23/May/2017:09:49:51 +0200] "POST /index.php?page=connexion HTTP/1.1" 200 3882 "http://10.10.10.156/index.php?page=connexion" "Mozilla/5.0 (Windows NT 10.0; Win64; x64) AppleWebKit/537.36 (KHTML, like Gecko) Chrome/58.0.3029.110 Safari/537.36"
10.8.0.6 - - [23/May/2017:09:50:08 +0200] "POST /index.php?page=connexion HTTP/1.1" 200 3882 "http://10.10.10.156/index.php?page=connexion" "Mozilla/5.0 (Windows NT 10.0; Win64; x64) AppleWebKit/537.36 (KHTML, like Gecko) Chrome/58.0.3029.110 Safari/537.36"
10.8.0.6 - - [23/May/2017:09:50:11 +0200] "GET /index.php?page=telechargement HTTP/1.1" 500 15 "http://10.10.10.156/index.php?page=connexion" "Mozilla/5.0 (Windows NT 10.0; Win64; x64) AppleWebKit/537.36 (KHTML, like Gecko) Chrome/58.0.3029.110 Safari/537.36"
10.8.0.6 - - [23/May/2017:09:50:39 +0200] "POST /index.php?page=connexion HTTP/1.1" 200 3882 "http://10.10.10.156/index.php?page=connexion" "Mozilla/5.0 (Windows NT 10.0; Win64; x64) AppleWebKit/537.36 (KHTML, like Gecko) Chrome/58.0.3029.110 Safari/537.36"
10.8.0.6 - - [23/May/2017:09:50:42 +0200] "GET /index.php?page=telechargement HTTP/1.1" 500 15 "http://10.10.10.156/index.php?page=connexion" "Mozilla/5.0 (Windows NT 10.0; Win64; x64) AppleWebKit/537.36 (KHTML, like Gecko) Chrome/58.0.3029.110 Safari/537.36"
10.8.0.6 - - [23/May/2017:09:51:31 +0200] "POST /index.php?page=connexion HTTP/1.1" 200 3882 "http://10.10.10.156/index.php?page=connexion" "Mozilla/5.0 (Windows NT 10.0; Win64; x64) AppleWebKit/537.36 (KHTML, like Gecko) Chrome/58.0.3029.110 Safari/537.36"
10.8.0.6 - - [23/May/2017:09:51:38 +0200] "GET /index.php?page=telechargement HTTP/1.1" 500 15 "http://10.10.10.156/index.php?page=connexion" "Mozilla/5.0 (Windows NT 10.0; Win64; x64) AppleWebKit/537.36 (KHTML, like Gecko) Chrome/58.0.3029.110 Safari/537.36"
10.8.0.6 - - [23/May/2017:09:51:43 +0200] "POST /index.php?page=connexion HTTP/1.1" 200 3882 "http://10.10.10.156/index.php?page=connexion" "Mozilla/5.0 (Windows NT 10.0; Win64; x64) AppleWebKit/537.36 (KHTML, like Gecko) Chrome/58.0.3029.110 Safari/537.36"
10.8.0.6 - - [23/May/2017:09:52:21 +0200] "POST /index.php?page=connexion HTTP/1.1" 200 3882 "http://10.10.10.156/index.php?page=connexion" "Mozilla/5.0 (Windows NT 10.0; Win64; x64) AppleWebKit/537.36 (KHTML, like Gecko) Chrome/58.0.3029.110 Safari/537.36"
10.8.0.6 - - [23/May/2017:09:52:28 +0200] "GET /index.php?page=telechargement HTTP/1.1" 200 3894 "http://10.10.10.156/index.php?page=connexion" "Mozilla/5.0 (Windows NT 10.0; Win64; x64) AppleWebKit/537.36 (KHTML, like Gecko) Chrome/58.0.3029.110 Safari/537.36"
92.103.197.250 - - [23/May/2017:09:53:29 +0200] "GET /index.php?page=admin_tdb HTTP/1.1" 200 1881 "http://88.177.168.133:2236/index.php?page=admin_projets" "Mozilla/5.0 (Macintosh; Intel Mac OS X 10_12_4) AppleWebKit/603.1.30 (KHTML, like Gecko) Version/10.1 Safari/603.1.30"
92.103.197.250 - - [23/May/2017:09:53:30 +0200] "GET /index.php?page=admin_utilisateurs HTTP/1.1" 200 2849 "http://88.177.168.133:2236/index.php?page=admin_tdb" "Mozilla/5.0 (Macintosh; Intel Mac OS X 10_12_4) AppleWebKit/603.1.30 (KHTML, like Gecko) Version/10.1 Safari/603.1.30"
92.103.197.250 - - [23/May/2017:09:53:31 +0200] "GET /index.php?page=admin_projets HTTP/1.1" 200 2164 "http://88.177.168.133:2236/index.php?page=admin_utilisateurs" "Mozilla/5.0 (Macintosh; Intel Mac OS X 10_12_4) AppleWebKit/603.1.30 (KHTML, like Gecko) Version/10.1 Safari/603.1.30"
92.103.197.250 - - [23/May/2017:09:53:35 +0200] "POST /index.php?page=admin_projets HTTP/1.1" 200 2029 "http://88.177.168.133:2236/index.php?page=admin_projets" "Mozilla/5.0 (Macintosh; Intel Mac OS X 10_12_4) AppleWebKit/603.1.30 (KHTML, like Gecko) Version/10.1 Safari/603.1.30"
10.8.0.6 - - [23/May/2017:09:53:46 +0200] "GET /index.php?page=telechargement HTTP/1.1" 200 3894 "http://10.10.10.156/index.php?page=telechargement" "Mozilla/5.0 (Windows NT 10.0; Win64; x64) AppleWebKit/537.36 (KHTML, like Gecko) Chrome/58.0.3029.110 Safari/537.36"
92.103.197.250 - - [23/May/2017:09:53:54 +0200] "POST /index.php?page=admin_modifs HTTP/1.1" 200 2159 "http://88.177.168.133:2236/index.php?page=admin_projets" "Mozilla/5.0 (Macintosh; Intel Mac OS X 10_12_4) AppleWebKit/603.1.30 (KHTML, like Gecko) Version/10.1 Safari/603.1.30"
10.8.0.6 - - [23/May/2017:09:54:37 +0200] "GET /index.php?page=telechargement HTTP/1.1" 200 3894 "http://10.10.10.156/index.php?page=telechargement" "Mozilla/5.0 (Windows NT 10.0; Win64; x64) AppleWebKit/537.36 (KHTML, like Gecko) Chrome/58.0.3029.110 Safari/537.36"
10.8.0.6 - - [23/May/2017:09:54:43 +0200] "GET /index.php?page=telechargement HTTP/1.1" 200 3894 "http://10.10.10.156/index.php?page=telechargement" "Mozilla/5.0 (Windows NT 10.0; Win64; x64) AppleWebKit/537.36 (KHTML, like Gecko) Chrome/58.0.3029.110 Safari/537.36"
92.103.197.250 - - [23/May/2017:09:55:27 +0200] "POST /index.php?page=admin_projets HTTP/1.1" 200 2031 "http://88.177.168.133:2236/index.php?page=admin_modifs" "Mozilla/5.0 (Macintosh; Intel Mac OS X 10_12_4) AppleWebKit/603.1.30 (KHTML, like Gecko) Version/10.1 Safari/603.1.30"
92.103.197.250 - - [23/May/2017:09:55:32 +0200] "POST /index.php?page=admin_modifs HTTP/1.1" 200 2157 "http://88.177.168.133:2236/index.php?page=admin_projets" "Mozilla/5.0 (Macintosh; Intel Mac OS X 10_12_4) AppleWebKit/603.1.30 (KHTML, like Gecko) Version/10.1 Safari/603.1.30"
92.103.197.250 - - [23/May/2017:09:55:40 +0200] "POST /index.php?page=admin_projets HTTP/1.1" 200 2032 "http://88.177.168.133:2236/index.php?page=admin_modifs" "Mozilla/5.0 (Macintosh; Intel Mac OS X 10_12_4) AppleWebKit/603.1.30 (KHTML, like Gecko) Version/10.1 Safari/603.1.30"
92.103.197.250 - - [23/May/2017:09:56:09 +0200] "POST /index.php?page=admin_modifs HTTP/1.1" 200 2157 "http://88.177.168.133:2236/index.php?page=admin_projets" "Mozilla/5.0 (Macintosh; Intel Mac OS X 10_12_4) AppleWebKit/603.1.30 (KHTML, like Gecko) Version/10.1 Safari/603.1.30"
92.103.197.250 - - [23/May/2017:09:58:11 +0200] "POST /index.php?page=admin_projets HTTP/1.1" 200 2034 "http://88.177.168.133:2236/index.php?page=admin_modifs" "Mozilla/5.0 (Macintosh; Intel Mac OS X 10_12_4) AppleWebKit/603.1.30 (KHTML, like Gecko) Version/10.1 Safari/603.1.30"
92.103.197.250 - - [23/May/2017:09:58:27 +0200] "POST /index.php?page=admin_modifs HTTP/1.1" 200 2180 "http://88.177.168.133:2236/index.php?page=admin_projets" "Mozilla/5.0 (Macintosh; Intel Mac OS X 10_12_4) AppleWebKit/603.1.30 (KHTML, like Gecko) Version/10.1 Safari/603.1.30"
10.8.0.6 - - [23/May/2017:10:00:04 +0200] "GET /index.php?page=telechargement HTTP/1.1" 200 3894 "http://10.10.10.156/index.php?page=telechargement" "Mozilla/5.0 (Windows NT 10.0; Win64; x64) AppleWebKit/537.36 (KHTML, like Gecko) Chrome/58.0.3029.110 Safari/537.36"
10.8.0.6 - - [23/May/2017:10:00:11 +0200] "GET /index.php?page=telechargement HTTP/1.1" 200 3894 "http://10.10.10.156/index.php?page=telechargement" "Mozilla/5.0 (Windows NT 10.0; Win64; x64) AppleWebKit/537.36 (KHTML, like Gecko) Chrome/58.0.3029.110 Safari/537.36"
10.8.0.6 - - [23/May/2017:10:00:27 +0200] "GET /index.php?page=telechargement HTTP/1.1" 200 44 "http://10.10.10.156/index.php?page=telechargement" "Mozilla/5.0 (Windows NT 10.0; Win64; x64) AppleWebKit/537.36 (KHTML, like Gecko) Chrome/58.0.3029.110 Safari/537.36"
92.103.197.250 - - [23/May/2017:10:00:29 +0200] "POST /index.php?page=admin_projets HTTP/1.1" 200 2032 "http://88.177.168.133:2236/index.php?page=admin_modifs" "Mozilla/5.0 (Macintosh; Intel Mac OS X 10_12_4) AppleWebKit/603.1.30 (KHTML, like Gecko) Version/10.1 Safari/603.1.30"
92.103.197.250 - - [23/May/2017:10:00:41 +0200] "POST /index.php?page=admin_modifs HTTP/1.1" 200 2187 "http://88.177.168.133:2236/index.php?page=admin_projets" "Mozilla/5.0 (Macintosh; Intel Mac OS X 10_12_4) AppleWebKit/603.1.30 (KHTML, like Gecko) Version/10.1 Safari/603.1.30"
10.8.0.6 - - [23/May/2017:10:01:51 +0200] "POST /index.php?page=connexion HTTP/1.1" 200 3882 "http://10.10.10.156/index.php?page=connexion" "Mozilla/5.0 (Windows NT 10.0; Win64; x64) AppleWebKit/537.36 (KHTML, like Gecko) Chrome/58.0.3029.110 Safari/537.36"
10.8.0.6 - - [23/May/2017:10:01:53 +0200] "POST /index.php?page=connexion HTTP/1.1" 200 3882 "http://10.10.10.156/index.php?page=connexion" "Mozilla/5.0 (Windows NT 10.0; Win64; x64) AppleWebKit/537.36 (KHTML, like Gecko) Chrome/58.0.3029.110 Safari/537.36"
10.8.0.6 - - [23/May/2017:10:01:57 +0200] "GET /index.php?page=telechargement HTTP/1.1" 200 50 "http://10.10.10.156/index.php?page=connexion" "Mozilla/5.0 (Windows NT 10.0; Win64; x64) AppleWebKit/537.36 (KHTML, like Gecko) Chrome/58.0.3029.110 Safari/537.36"
10.8.0.6 - - [23/May/2017:10:02:05 +0200] "POST /index.php?page=connexion HTTP/1.1" 200 3882 "http://10.10.10.156/index.php?page=connexion" "Mozilla/5.0 (Windows NT 10.0; Win64; x64) AppleWebKit/537.36 (KHTML, like Gecko) Chrome/58.0.3029.110 Safari/537.36"
10.8.0.6 - - [23/May/2017:10:05:14 +0200] "POST /index.php?page=connexion HTTP/1.1" 200 3882 "http://10.10.10.156/index.php?page=connexion" "Mozilla/5.0 (Windows NT 10.0; Win64; x64) AppleWebKit/537.36 (KHTML, like Gecko) Chrome/58.0.3029.110 Safari/537.36"
10.8.0.6 - - [23/May/2017:10:05:18 +0200] "GET /index.php?page=telechargement HTTP/1.1" 200 44 "http://10.10.10.156/index.php?page=connexion" "Mozilla/5.0 (Windows NT 10.0; Win64; x64) AppleWebKit/537.36 (KHTML, like Gecko) Chrome/58.0.3029.110 Safari/537.36"
10.8.0.6 - - [23/May/2017:10:06:23 +0200] "GET /index.php?page=telechargement HTTP/1.1" 200 44 "http://10.10.10.156/index.php?page=connexion" "Mozilla/5.0 (Windows NT 10.0; Win64; x64) AppleWebKit/537.36 (KHTML, like Gecko) Chrome/58.0.3029.110 Safari/537.36"
10.8.0.6 - - [23/May/2017:10:06:27 +0200] "POST /index.php?page=connexion HTTP/1.1" 200 3882 "http://10.10.10.156/index.php?page=connexion" "Mozilla/5.0 (Windows NT 10.0; Win64; x64) AppleWebKit/537.36 (KHTML, like Gecko) Chrome/58.0.3029.110 Safari/537.36"
10.8.0.6 - - [23/May/2017:10:06:33 +0200] "GET /index.php?page=telechargement HTTP/1.1" 200 44 "http://10.10.10.156/index.php?page=connexion" "Mozilla/5.0 (Windows NT 10.0; Win64; x64) AppleWebKit/537.36 (KHTML, like Gecko) Chrome/58.0.3029.110 Safari/537.36"
92.103.197.250 - - [23/May/2017:10:08:16 +0200] "POST /index.php?page=admin_projets HTTP/1.1" 200 2034 "http://88.177.168.133:2236/index.php?page=admin_modifs" "Mozilla/5.0 (Macintosh; Intel Mac OS X 10_12_4) AppleWebKit/603.1.30 (KHTML, like Gecko) Version/10.1 Safari/603.1.30"
92.103.197.250 - - [23/May/2017:10:08:36 +0200] "POST /index.php?page=admin_modifs HTTP/1.1" 200 2186 "http://88.177.168.133:2236/index.php?page=admin_projets" "Mozilla/5.0 (Macintosh; Intel Mac OS X 10_12_4) AppleWebKit/603.1.30 (KHTML, like Gecko) Version/10.1 Safari/603.1.30"
92.103.197.250 - - [23/May/2017:10:09:05 +0200] "GET /index.php?page=admin_projets HTTP/1.1" 200 2166 "http://88.177.168.133:2236/index.php?page=admin_modifs" "Mozilla/5.0 (Macintosh; Intel Mac OS X 10_12_4) AppleWebKit/603.1.30 (KHTML, like Gecko) Version/10.1 Safari/603.1.30"
92.103.197.250 - - [23/May/2017:10:09:12 +0200] "POST /index.php?page=admin_projets HTTP/1.1" 200 2034 "http://88.177.168.133:2236/index.php?page=admin_projets" "Mozilla/5.0 (Macintosh; Intel Mac OS X 10_12_4) AppleWebKit/603.1.30 (KHTML, like Gecko) Version/10.1 Safari/603.1.30"
92.103.197.250 - - [23/May/2017:10:09:34 +0200] "POST /index.php?page=admin_modifs HTTP/1.1" 200 2170 "http://88.177.168.133:2236/index.php?page=admin_projets" "Mozilla/5.0 (Macintosh; Intel Mac OS X 10_12_4) AppleWebKit/603.1.30 (KHTML, like Gecko) Version/10.1 Safari/603.1.30"
92.103.197.250 - - [23/May/2017:10:09:51 +0200] "POST /index.php?page=admin_projets HTTP/1.1" 200 2170 "http://88.177.168.133:2236/index.php?page=admin_modifs" "Mozilla/5.0 (Macintosh; Intel Mac OS X 10_12_4) AppleWebKit/603.1.30 (KHTML, like Gecko) Version/10.1 Safari/603.1.30"
92.103.197.250 - - [23/May/2017:10:09:58 +0200] "GET /index.php?page=user_inscription HTTP/1.1" 200 1637 "http://88.177.168.133:2236/index.php" "Mozilla/5.0 (Macintosh; Intel Mac OS X 10_12_4) AppleWebKit/537.36 (KHTML, like Gecko) Chrome/58.0.3029.110 Safari/537.36"
92.103.197.250 - - [23/May/2017:10:10:11 +0200] "POST /index.php?page=user_inscription HTTP/1.1" 200 1349 "http://88.177.168.133:2236/index.php?page=user_inscription" "Mozilla/5.0 (Macintosh; Intel Mac OS X 10_12_4) AppleWebKit/537.36 (KHTML, like Gecko) Chrome/58.0.3029.110 Safari/537.36"
92.103.197.250 - - [23/May/2017:10:10:13 +0200] "GET /index.php HTTP/1.1" 200 2504 "http://88.177.168.133:2236/index.php?page=user_inscription" "Mozilla/5.0 (Macintosh; Intel Mac OS X 10_12_4) AppleWebKit/537.36 (KHTML, like Gecko) Chrome/58.0.3029.110 Safari/537.36"
92.103.197.250 - - [23/May/2017:10:10:15 +0200] "GET /index.php?page=user_inscription HTTP/1.1" 200 1637 "http://88.177.168.133:2236/index.php" "Mozilla/5.0 (Macintosh; Intel Mac OS X 10_12_4) AppleWebKit/537.36 (KHTML, like Gecko) Chrome/58.0.3029.110 Safari/537.36"
92.103.197.250 - - [23/May/2017:10:10:29 +0200] "POST /index.php?page=user_inscription HTTP/1.1" 200 1349 "http://88.177.168.133:2236/index.php?page=user_inscription" "Mozilla/5.0 (Macintosh; Intel Mac OS X 10_12_4) AppleWebKit/537.36 (KHTML, like Gecko) Chrome/58.0.3029.110 Safari/537.36"
92.103.197.250 - - [23/May/2017:10:10:30 +0200] "GET /index.php HTTP/1.1" 200 2504 "http://88.177.168.133:2236/index.php?page=user_inscription" "Mozilla/5.0 (Macintosh; Intel Mac OS X 10_12_4) AppleWebKit/537.36 (KHTML, like Gecko) Chrome/58.0.3029.110 Safari/537.36"
92.103.197.250 - - [23/May/2017:10:10:32 +0200] "GET /index.php?page=admin_projets HTTP/1.1" 200 2183 "http://88.177.168.133:2236/index.php?page=admin_projets" "Mozilla/5.0 (Macintosh; Intel Mac OS X 10_12_4) AppleWebKit/603.1.30 (KHTML, like Gecko) Version/10.1 Safari/603.1.30"
92.103.197.250 - - [23/May/2017:10:10:38 +0200] "GET /index.php?page=admin_utilisateurs HTTP/1.1" 200 2849 "http://88.177.168.133:2236/index.php?page=admin_projets" "Mozilla/5.0 (Macintosh; Intel Mac OS X 10_12_4) AppleWebKit/603.1.30 (KHTML, like Gecko) Version/10.1 Safari/603.1.30"
92.103.197.250 - - [23/May/2017:10:10:48 +0200] "GET /index.php?page=admin_tdb HTTP/1.1" 200 1881 "http://88.177.168.133:2236/index.php?page=admin_utilisateurs" "Mozilla/5.0 (Macintosh; Intel Mac OS X 10_12_4) AppleWebKit/603.1.30 (KHTML, like Gecko) Version/10.1 Safari/603.1.30"
92.103.197.250 - - [23/May/2017:10:10:54 +0200] "GET /index.php?page=admin_utilisateurs HTTP/1.1" 200 2849 "http://88.177.168.133:2236/index.php?page=admin_tdb" "Mozilla/5.0 (Macintosh; Intel Mac OS X 10_12_4) AppleWebKit/603.1.30 (KHTML, like Gecko) Version/10.1 Safari/603.1.30"
92.103.197.250 - - [23/May/2017:10:11:00 +0200] "GET /index.php?page=admin_projets HTTP/1.1" 200 2183 "http://88.177.168.133:2236/index.php?page=admin_utilisateurs" "Mozilla/5.0 (Macintosh; Intel Mac OS X 10_12_4) AppleWebKit/603.1.30 (KHTML, like Gecko) Version/10.1 Safari/603.1.30"
10.8.0.6 - - [23/May/2017:10:11:05 +0200] "POST /index.php?page=connexion HTTP/1.1" 200 3882 "http://10.10.10.156/index.php?page=connexion" "Mozilla/5.0 (Windows NT 10.0; Win64; x64) AppleWebKit/537.36 (KHTML, like Gecko) Chrome/58.0.3029.110 Safari/537.36"
10.8.0.6 - - [23/May/2017:10:11:11 +0200] "GET /index.php?page=telechargement HTTP/1.1" 200 44 "http://10.10.10.156/index.php?page=connexion" "Mozilla/5.0 (Windows NT 10.0; Win64; x64) AppleWebKit/537.36 (KHTML, like Gecko) Chrome/58.0.3029.110 Safari/537.36"
10.8.0.6 - - [23/May/2017:10:12:13 +0200] "POST /index.php?page=connexion HTTP/1.1" 200 3882 "http://10.10.10.156/index.php?page=connexion" "Mozilla/5.0 (Windows NT 10.0; Win64; x64) AppleWebKit/537.36 (KHTML, like Gecko) Chrome/58.0.3029.110 Safari/537.36"
10.8.0.6 - - [23/May/2017:10:12:20 +0200] "GET /index.php?page=telechargement HTTP/1.1" 200 44 "http://10.10.10.156/index.php?page=connexion" "Mozilla/5.0 (Windows NT 10.0; Win64; x64) AppleWebKit/537.36 (KHTML, like Gecko) Chrome/58.0.3029.110 Safari/537.36"
10.8.0.6 - - [23/May/2017:10:18:35 +0200] "GET /index.php?page=telechargement HTTP/1.1" 200 36 "http://10.10.10.156/index.php?page=connexion" "Mozilla/5.0 (Windows NT 10.0; Win64; x64) AppleWebKit/537.36 (KHTML, like Gecko) Chrome/58.0.3029.110 Safari/537.36"
10.8.0.6 - - [23/May/2017:10:21:40 +0200] "POST /index.php?page=connexion HTTP/1.1" 200 3882 "http://10.10.10.156/index.php?page=connexion" "Mozilla/5.0 (Windows NT 10.0; Win64; x64) AppleWebKit/537.36 (KHTML, like Gecko) Chrome/58.0.3029.110 Safari/537.36"
10.8.0.6 - - [23/May/2017:10:21:59 +0200] "POST /index.php?page=connexion HTTP/1.1" 200 3882 "http://10.10.10.156/index.php?page=connexion" "Mozilla/5.0 (Windows NT 10.0; Win64; x64) AppleWebKit/537.36 (KHTML, like Gecko) Chrome/58.0.3029.110 Safari/537.36"
10.8.0.6 - - [23/May/2017:10:22:03 +0200] "GET /index.php?page=telechargement HTTP/1.1" 200 44 "http://10.10.10.156/index.php?page=connexion" "Mozilla/5.0 (Windows NT 10.0; Win64; x64) AppleWebKit/537.36 (KHTML, like Gecko) Chrome/58.0.3029.110 Safari/537.36"
92.103.197.250 - - [23/May/2017:10:22:06 +0200] "GET /index.php?page=admin_tdb HTTP/1.1" 200 1944 "http://88.177.168.133:2236/index.php?page=admin_projets" "Mozilla/5.0 (Macintosh; Intel Mac OS X 10_12_4) AppleWebKit/603.1.30 (KHTML, like Gecko) Version/10.1 Safari/603.1.30"
92.103.197.250 - - [23/May/2017:10:22:14 +0200] "GET /index.php?page=admin_utilisateurs HTTP/1.1" 200 2881 "http://88.177.168.133:2236/index.php?page=admin_tdb" "Mozilla/5.0 (Macintosh; Intel Mac OS X 10_12_4) AppleWebKit/603.1.30 (KHTML, like Gecko) Version/10.1 Safari/603.1.30"
92.103.197.250 - - [23/May/2017:10:22:15 +0200] "GET /index.php?page=admin_projets HTTP/1.1" 200 2215 "http://88.177.168.133:2236/index.php?page=admin_utilisateurs" "Mozilla/5.0 (Macintosh; Intel Mac OS X 10_12_4) AppleWebKit/603.1.30 (KHTML, like Gecko) Version/10.1 Safari/603.1.30"
92.103.197.250 - - [23/May/2017:10:22:16 +0200] "GET /index.php?page=revocation HTTP/1.1" 200 88 "http://88.177.168.133:2236/index.php?page=admin_projets" "Mozilla/5.0 (Macintosh; Intel Mac OS X 10_12_4) AppleWebKit/603.1.30 (KHTML, like Gecko) Version/10.1 Safari/603.1.30"
92.103.197.250 - - [23/May/2017:10:22:20 +0200] "GET /index.php?page=validation HTTP/1.1" 200 88 "http://88.177.168.133:2236/index.php?page=admin_projets" "Mozilla/5.0 (Macintosh; Intel Mac OS X 10_12_4) AppleWebKit/603.1.30 (KHTML, like Gecko) Version/10.1 Safari/603.1.30"
10.8.0.6 - - [23/May/2017:10:22:52 +0200] "POST /index.php?page=connexion HTTP/1.1" 200 3882 "http://10.10.10.156/index.php?page=connexion" "Mozilla/5.0 (Windows NT 10.0; Win64; x64) AppleWebKit/537.36 (KHTML, like Gecko) Chrome/58.0.3029.110 Safari/537.36"
10.8.0.6 - - [23/May/2017:10:24:55 +0200] "POST /index.php?page=connexion HTTP/1.1" 200 3882 "http://10.10.10.156/index.php?page=connexion" "Mozilla/5.0 (Windows NT 10.0; Win64; x64) AppleWebKit/537.36 (KHTML, like Gecko) Chrome/58.0.3029.110 Safari/537.36"
10.8.0.6 - - [23/May/2017:10:24:59 +0200] "GET /index.php?page=telechargement HTTP/1.1" 200 80 "http://10.10.10.156/index.php?page=connexion" "Mozilla/5.0 (Windows NT 10.0; Win64; x64) AppleWebKit/537.36 (KHTML, like Gecko) Chrome/58.0.3029.110 Safari/537.36"
92.103.197.250 - - [23/May/2017:10:25:22 +0200] "GET /index.php?page=admin_tdb HTTP/1.1" 200 1944 "http://88.177.168.133:2236/index.php?page=admin_projets" "Mozilla/5.0 (Macintosh; Intel Mac OS X 10_12_4) AppleWebKit/603.1.30 (KHTML, like Gecko) Version/10.1 Safari/603.1.30"
92.103.197.250 - - [23/May/2017:10:25:23 +0200] "GET /index.php?page=admin_utilisateurs HTTP/1.1" 200 2881 "http://88.177.168.133:2236/index.php?page=admin_tdb" "Mozilla/5.0 (Macintosh; Intel Mac OS X 10_12_4) AppleWebKit/603.1.30 (KHTML, like Gecko) Version/10.1 Safari/603.1.30"
92.103.197.250 - - [23/May/2017:10:25:24 +0200] "GET /index.php?page=admin_projets HTTP/1.1" 200 2215 "http://88.177.168.133:2236/index.php?page=admin_utilisateurs" "Mozilla/5.0 (Macintosh; Intel Mac OS X 10_12_4) AppleWebKit/603.1.30 (KHTML, like Gecko) Version/10.1 Safari/603.1.30"
10.8.0.6 - - [23/May/2017:10:26:20 +0200] "GET /index.php?page=telechargement HTTP/1.1" 200 77 "http://10.10.10.156/index.php?page=connexion" "Mozilla/5.0 (Windows NT 10.0; Win64; x64) AppleWebKit/537.36 (KHTML, like Gecko) Chrome/58.0.3029.110 Safari/537.36"
10.8.0.6 - - [23/May/2017:10:31:38 +0200] "POST /index.php?page=connexion HTTP/1.1" 200 3882 "http://10.10.10.156/index.php?page=connexion" "Mozilla/5.0 (Windows NT 10.0; Win64; x64) AppleWebKit/537.36 (KHTML, like Gecko) Chrome/58.0.3029.110 Safari/537.36"
10.8.0.6 - - [23/May/2017:10:31:43 +0200] "GET /index.php?page=telechargement HTTP/1.1" 200 77 "http://10.10.10.156/index.php?page=connexion" "Mozilla/5.0 (Windows NT 10.0; Win64; x64) AppleWebKit/537.36 (KHTML, like Gecko) Chrome/58.0.3029.110 Safari/537.36"
10.8.0.6 - - [23/May/2017:10:32:03 +0200] "GET /index.php?page=telechargement HTTP/1.1" 200 80 "http://10.10.10.156/index.php?page=connexion" "Mozilla/5.0 (Windows NT 10.0; Win64; x64) AppleWebKit/537.36 (KHTML, like Gecko) Chrome/58.0.3029.110 Safari/537.36"
10.8.0.6 - - [23/May/2017:10:38:33 +0200] "POST /index.php?page=connexion HTTP/1.1" 200 3882 "http://10.10.10.156/index.php?page=connexion" "Mozilla/5.0 (Windows NT 10.0; Win64; x64) AppleWebKit/537.36 (KHTML, like Gecko) Chrome/58.0.3029.110 Safari/537.36"
10.8.0.6 - - [23/May/2017:10:38:38 +0200] "GET /index.php?page=telechargement HTTP/1.1" 200 80 "http://10.10.10.156/index.php?page=connexion" "Mozilla/5.0 (Windows NT 10.0; Win64; x64) AppleWebKit/537.36 (KHTML, like Gecko) Chrome/58.0.3029.110 Safari/537.36"
10.8.0.6 - - [23/May/2017:10:38:57 +0200] "GET /index.php?page=telechargement HTTP/1.1" 200 44 "http://10.10.10.156/index.php?page=connexion" "Mozilla/5.0 (Windows NT 10.0; Win64; x64) AppleWebKit/537.36 (KHTML, like Gecko) Chrome/58.0.3029.110 Safari/537.36"
10.8.0.6 - - [23/May/2017:10:40:17 +0200] "GET /index.php?page=telechargement HTTP/1.1" 200 31 "http://10.10.10.156/index.php?page=connexion" "Mozilla/5.0 (Windows NT 10.0; Win64; x64) AppleWebKit/537.36 (KHTML, like Gecko) Chrome/58.0.3029.110 Safari/537.36"
10.8.0.6 - - [23/May/2017:10:41:50 +0200] "GET /index.php?page=telechargement HTTP/1.1" 200 44 "http://10.10.10.156/index.php?page=connexion" "Mozilla/5.0 (Windows NT 10.0; Win64; x64) AppleWebKit/537.36 (KHTML, like Gecko) Chrome/58.0.3029.110 Safari/537.36"
10.8.0.6 - - [23/May/2017:10:42:13 +0200] "GET /index.php?page=telechargement HTTP/1.1" 200 44 "http://10.10.10.156/index.php?page=connexion" "Mozilla/5.0 (Windows NT 10.0; Win64; x64) AppleWebKit/537.36 (KHTML, like Gecko) Chrome/58.0.3029.110 Safari/537.36"
10.8.0.6 - - [23/May/2017:10:44:16 +0200] "GET /index.php?page=telechargement HTTP/1.1" 200 36 "http://10.10.10.156/index.php?page=connexion" "Mozilla/5.0 (Windows NT 10.0; Win64; x64) AppleWebKit/537.36 (KHTML, like Gecko) Chrome/58.0.3029.110 Safari/537.36"
10.8.0.6 - - [23/May/2017:10:46:27 +0200] "GET /index.php?page=telechargement HTTP/1.1" 200 36 "http://10.10.10.156/index.php?page=connexion" "Mozilla/5.0 (Windows NT 10.0; Win64; x64) AppleWebKit/537.36 (KHTML, like Gecko) Chrome/58.0.3029.110 Safari/537.36"
10.8.0.6 - - [23/May/2017:10:46:28 +0200] "GET /index.php?page=telechargement HTTP/1.1" 200 36 "http://10.10.10.156/index.php?page=connexion" "Mozilla/5.0 (Windows NT 10.0; Win64; x64) AppleWebKit/537.36 (KHTML, like Gecko) Chrome/58.0.3029.110 Safari/537.36"
10.8.0.6 - - [23/May/2017:10:46:28 +0200] "GET /index.php?page=telechargement HTTP/1.1" 200 36 "http://10.10.10.156/index.php?page=connexion" "Mozilla/5.0 (Windows NT 10.0; Win64; x64) AppleWebKit/537.36 (KHTML, like Gecko) Chrome/58.0.3029.110 Safari/537.36"
10.8.0.6 - - [23/May/2017:10:46:28 +0200] "GET /index.php?page=telechargement HTTP/1.1" 200 36 "http://10.10.10.156/index.php?page=connexion" "Mozilla/5.0 (Windows NT 10.0; Win64; x64) AppleWebKit/537.36 (KHTML, like Gecko) Chrome/58.0.3029.110 Safari/537.36"
10.8.0.6 - - [23/May/2017:10:46:28 +0200] "GET /index.php?page=telechargement HTTP/1.1" 200 36 "http://10.10.10.156/index.php?page=connexion" "Mozilla/5.0 (Windows NT 10.0; Win64; x64) AppleWebKit/537.36 (KHTML, like Gecko) Chrome/58.0.3029.110 Safari/537.36"
10.8.0.6 - - [23/May/2017:10:46:42 +0200] "GET /index.php?page=telechargement HTTP/1.1" 200 31 "http://10.10.10.156/index.php?page=connexion" "Mozilla/5.0 (Windows NT 10.0; Win64; x64) AppleWebKit/537.36 (KHTML, like Gecko) Chrome/58.0.3029.110 Safari/537.36"
10.8.0.6 - - [23/May/2017:10:46:56 +0200] "GET /index.php?page=telechargement HTTP/1.1" 200 36 "http://10.10.10.156/index.php?page=connexion" "Mozilla/5.0 (Windows NT 10.0; Win64; x64) AppleWebKit/537.36 (KHTML, like Gecko) Chrome/58.0.3029.110 Safari/537.36"
10.8.0.6 - - [23/May/2017:10:50:09 +0200] "GET /index.php?page=telechargement HTTP/1.1" 200 31 "http://10.10.10.156/index.php?page=connexion" "Mozilla/5.0 (Windows NT 10.0; Win64; x64) AppleWebKit/537.36 (KHTML, like Gecko) Chrome/58.0.3029.110 Safari/537.36"
10.8.0.6 - - [23/May/2017:10:50:10 +0200] "GET /index.php?page=telechargement HTTP/1.1" 200 31 "http://10.10.10.156/index.php?page=connexion" "Mozilla/5.0 (Windows NT 10.0; Win64; x64) AppleWebKit/537.36 (KHTML, like Gecko) Chrome/58.0.3029.110 Safari/537.36"
10.8.0.6 - - [23/May/2017:10:50:10 +0200] "GET /index.php?page=telechargement HTTP/1.1" 200 31 "http://10.10.10.156/index.php?page=connexion" "Mozilla/5.0 (Windows NT 10.0; Win64; x64) AppleWebKit/537.36 (KHTML, like Gecko) Chrome/58.0.3029.110 Safari/537.36"
10.8.0.6 - - [23/May/2017:10:50:15 +0200] "POST /index.php?page=connexion HTTP/1.1" 200 3882 "http://10.10.10.156/index.php?page=connexion" "Mozilla/5.0 (Windows NT 10.0; Win64; x64) AppleWebKit/537.36 (KHTML, like Gecko) Chrome/58.0.3029.110 Safari/537.36"
10.8.0.6 - - [23/May/2017:10:50:47 +0200] "POST /index.php?page=connexion HTTP/1.1" 200 3882 "http://10.10.10.156/index.php?page=connexion" "Mozilla/5.0 (Windows NT 10.0; Win64; x64) AppleWebKit/537.36 (KHTML, like Gecko) Chrome/58.0.3029.110 Safari/537.36"
10.8.0.6 - - [23/May/2017:10:50:52 +0200] "GET /index.php?page=telechargement HTTP/1.1" 200 31 "http://10.10.10.156/index.php?page=connexion" "Mozilla/5.0 (Windows NT 10.0; Win64; x64) AppleWebKit/537.36 (KHTML, like Gecko) Chrome/58.0.3029.110 Safari/537.36"
10.8.0.6 - - [23/May/2017:10:55:58 +0200] "GET /index.php?page=telechargement HTTP/1.1" 200 31 "http://10.10.10.156/index.php?page=connexion" "Mozilla/5.0 (Windows NT 10.0; Win64; x64) AppleWebKit/537.36 (KHTML, like Gecko) Chrome/58.0.3029.110 Safari/537.36"
10.8.0.6 - - [23/May/2017:10:57:06 +0200] "GET /index.php?page=telechargement HTTP/1.1" 200 31 "http://10.10.10.156/index.php?page=connexion" "Mozilla/5.0 (Windows NT 10.0; Win64; x64) AppleWebKit/537.36 (KHTML, like Gecko) Chrome/58.0.3029.110 Safari/537.36"
10.8.0.6 - - [23/May/2017:10:57:10 +0200] "POST /index.php?page=connexion HTTP/1.1" 200 3882 "http://10.10.10.156/index.php?page=connexion" "Mozilla/5.0 (Windows NT 10.0; Win64; x64) AppleWebKit/537.36 (KHTML, like Gecko) Chrome/58.0.3029.110 Safari/537.36"
10.8.0.6 - - [23/May/2017:10:57:15 +0200] "GET /index.php?page=telechargement HTTP/1.1" 200 31 "http://10.10.10.156/index.php?page=connexion" "Mozilla/5.0 (Windows NT 10.0; Win64; x64) AppleWebKit/537.36 (KHTML, like Gecko) Chrome/58.0.3029.110 Safari/537.36"
92.103.197.250 - - [23/May/2017:10:57:41 +0200] "GET /index.php?page=validation HTTP/1.1" 200 88 "http://88.177.168.133:2236/index.php?page=admin_projets" "Mozilla/5.0 (Macintosh; Intel Mac OS X 10_12_4) AppleWebKit/603.1.30 (KHTML, like Gecko) Version/10.1 Safari/603.1.30"
92.103.197.250 - - [23/May/2017:10:57:47 +0200] "GET /index.php?page=admin_projets HTTP/1.1" 200 2215 "http://88.177.168.133:2236/index.php?page=admin_projets" "Mozilla/5.0 (Macintosh; Intel Mac OS X 10_12_4) AppleWebKit/603.1.30 (KHTML, like Gecko) Version/10.1 Safari/603.1.30"
92.103.197.250 - - [23/May/2017:10:57:47 +0200] "GET /index.php?page=admin_utilisateurs HTTP/1.1" 200 2881 "http://88.177.168.133:2236/index.php?page=admin_projets" "Mozilla/5.0 (Macintosh; Intel Mac OS X 10_12_4) AppleWebKit/603.1.30 (KHTML, like Gecko) Version/10.1 Safari/603.1.30"
92.103.197.250 - - [23/May/2017:10:57:49 +0200] "GET /index.php?page=validation HTTP/1.1" 200 88 "http://88.177.168.133:2236/index.php?page=admin_utilisateurs" "Mozilla/5.0 (Macintosh; Intel Mac OS X 10_12_4) AppleWebKit/603.1.30 (KHTML, like Gecko) Version/10.1 Safari/603.1.30"
10.8.0.6 - - [23/May/2017:10:57:57 +0200] "GET /index.php?page=telechargement HTTP/1.1" 200 31 "http://10.10.10.156/index.php?page=connexion" "Mozilla/5.0 (Windows NT 10.0; Win64; x64) AppleWebKit/537.36 (KHTML, like Gecko) Chrome/58.0.3029.110 Safari/537.36"
92.103.197.250 - - [23/May/2017:10:59:11 +0200] "GET /index.php?page=admin_utilisateurs HTTP/1.1" 200 2881 "http://88.177.168.133:2236/index.php?page=admin_projets" "Mozilla/5.0 (Macintosh; Intel Mac OS X 10_12_4) AppleWebKit/603.1.30 (KHTML, like Gecko) Version/10.1 Safari/603.1.30"
92.103.197.250 - - [23/May/2017:10:59:11 +0200] "GET /vue/admin/vendor/font-awesome/css/font-awesome.min.css HTTP/1.1" 200 29063 "http://88.177.168.133:2236/index.php?page=admin_utilisateurs" "Mozilla/5.0 (Macintosh; Intel Mac OS X 10_12_4) AppleWebKit/603.1.30 (KHTML, like Gecko) Version/10.1 Safari/603.1.30"
92.103.197.250 - - [23/May/2017:10:59:11 +0200] "GET /vue/admin/vendor/metisMenu/metisMenu.min.css HTTP/1.1" 200 781 "http://88.177.168.133:2236/index.php?page=admin_utilisateurs" "Mozilla/5.0 (Macintosh; Intel Mac OS X 10_12_4) AppleWebKit/603.1.30 (KHTML, like Gecko) Version/10.1 Safari/603.1.30"
92.103.197.250 - - [23/May/2017:10:59:11 +0200] "GET /vue/admin/vendor/datatables-responsive/dataTables.responsive.css HTTP/1.1" 200 3051 "http://88.177.168.133:2236/index.php?page=admin_utilisateurs" "Mozilla/5.0 (Macintosh; Intel Mac OS X 10_12_4) AppleWebKit/603.1.30 (KHTML, like Gecko) Version/10.1 Safari/603.1.30"
92.103.197.250 - - [23/May/2017:10:59:11 +0200] "GET /vue/admin/dist/css/sb-admin-2.css HTTP/1.1" 200 8420 "http://88.177.168.133:2236/index.php?page=admin_utilisateurs" "Mozilla/5.0 (Macintosh; Intel Mac OS X 10_12_4) AppleWebKit/603.1.30 (KHTML, like Gecko) Version/10.1 Safari/603.1.30"
92.103.197.250 - - [23/May/2017:10:59:11 +0200] "GET /vue/admin/vendor/datatables-plugins/dataTables.bootstrap.css HTTP/1.1" 200 7616 "http://88.177.168.133:2236/index.php?page=admin_utilisateurs" "Mozilla/5.0 (Macintosh; Intel Mac OS X 10_12_4) AppleWebKit/603.1.30 (KHTML, like Gecko) Version/10.1 Safari/603.1.30"
92.103.197.250 - - [23/May/2017:10:59:11 +0200] "GET /vue/admin/vendor/bootstrap/js/bootstrap.min.js HTTP/1.1" 200 37045 "http://88.177.168.133:2236/index.php?page=admin_utilisateurs" "Mozilla/5.0 (Macintosh; Intel Mac OS X 10_12_4) AppleWebKit/603.1.30 (KHTML, like Gecko) Version/10.1 Safari/603.1.30"
92.103.197.250 - - [23/May/2017:10:59:11 +0200] "GET /vue/admin/vendor/metisMenu/metisMenu.min.js HTTP/1.1" 200 1879 "http://88.177.168.133:2236/index.php?page=admin_utilisateurs" "Mozilla/5.0 (Macintosh; Intel Mac OS X 10_12_4) AppleWebKit/603.1.30 (KHTML, like Gecko) Version/10.1 Safari/603.1.30"
92.103.197.250 - - [23/May/2017:10:59:11 +0200] "GET /vue/admin/vendor/datatables-plugins/dataTables.bootstrap.min.js HTTP/1.1" 200 1942 "http://88.177.168.133:2236/index.php?page=admin_utilisateurs" "Mozilla/5.0 (Macintosh; Intel Mac OS X 10_12_4) AppleWebKit/603.1.30 (KHTML, like Gecko) Version/10.1 Safari/603.1.30"
92.103.197.250 - - [23/May/2017:10:59:11 +0200] "GET /vue/admin/dist/js/sb-admin-2.js HTTP/1.1" 200 1626 "http://88.177.168.133:2236/index.php?page=admin_utilisateurs" "Mozilla/5.0 (Macintosh; Intel Mac OS X 10_12_4) AppleWebKit/603.1.30 (KHTML, like Gecko) Version/10.1 Safari/603.1.30"
92.103.197.250 - - [23/May/2017:10:59:12 +0200] "GET /vue/admin/vendor/datatables-responsive/dataTables.responsive.js HTTP/1.1" 200 25098 "http://88.177.168.133:2236/index.php?page=admin_utilisateurs" "Mozilla/5.0 (Macintosh; Intel Mac OS X 10_12_4) AppleWebKit/603.1.30 (KHTML, like Gecko) Version/10.1 Safari/603.1.30"
92.103.197.250 - - [23/May/2017:10:59:14 +0200] "GET /vue/admin/vendor/jquery/jquery.min.js HTTP/1.1" 200 86351 "http://88.177.168.133:2236/index.php?page=admin_utilisateurs" "Mozilla/5.0 (Macintosh; Intel Mac OS X 10_12_4) AppleWebKit/603.1.30 (KHTML, like Gecko) Version/10.1 Safari/603.1.30"
92.103.197.250 - - [23/May/2017:10:59:14 +0200] "GET /vue/admin/vendor/datatables/js/jquery.dataTables.min.js HTTP/1.1" 200 82638 "http://88.177.168.133:2236/index.php?page=admin_utilisateurs" "Mozilla/5.0 (Macintosh; Intel Mac OS X 10_12_4) AppleWebKit/603.1.30 (KHTML, like Gecko) Version/10.1 Safari/603.1.30"
92.103.197.250 - - [23/May/2017:10:59:14 +0200] "GET /vue/admin/vendor/bootstrap/css/bootstrap.min.css HTTP/1.1" 200 121200 "http://88.177.168.133:2236/index.php?page=admin_utilisateurs" "Mozilla/5.0 (Macintosh; Intel Mac OS X 10_12_4) AppleWebKit/603.1.30 (KHTML, like Gecko) Version/10.1 Safari/603.1.30"
92.103.197.250 - - [23/May/2017:10:59:16 +0200] "GET /vue/admin/vendor/font-awesome/fonts/fontawesome-webfont.woff2?v=4.6.3 HTTP/1.1" 200 71896 "http://88.177.168.133:2236/index.php?page=admin_utilisateurs" "Mozilla/5.0 (Macintosh; Intel Mac OS X 10_12_4) AppleWebKit/603.1.30 (KHTML, like Gecko) Version/10.1 Safari/603.1.30"
92.103.197.250 - - [23/May/2017:10:59:19 +0200] "GET /index.php?page=validation HTTP/1.1" 200 88 "http://88.177.168.133:2236/index.php?page=admin_utilisateurs" "Mozilla/5.0 (Macintosh; Intel Mac OS X 10_12_4) AppleWebKit/603.1.30 (KHTML, like Gecko) Version/10.1 Safari/603.1.30"
10.8.0.6 - - [23/May/2017:11:02:47 +0200] "GET /index.php?page=telechargement HTTP/1.1" 200 74 "http://10.10.10.156/index.php?page=connexion" "Mozilla/5.0 (Windows NT 10.0; Win64; x64) AppleWebKit/537.36 (KHTML, like Gecko) Chrome/58.0.3029.110 Safari/537.36"
10.8.0.6 - - [23/May/2017:11:05:52 +0200] "GET /index.php?page=telechargement HTTP/1.1" 200 79 "http://10.10.10.156/index.php?page=connexion" "Mozilla/5.0 (Windows NT 10.0; Win64; x64) AppleWebKit/537.36 (KHTML, like Gecko) Chrome/58.0.3029.110 Safari/537.36"
10.8.0.6 - - [23/May/2017:11:06:25 +0200] "GET /index.php?page=telechargement HTTP/1.1" 200 86 "http://10.10.10.156/index.php?page=connexion" "Mozilla/5.0 (Windows NT 10.0; Win64; x64) AppleWebKit/537.36 (KHTML, like Gecko) Chrome/58.0.3029.110 Safari/537.36"
10.8.0.6 - - [23/May/2017:11:09:39 +0200] "GET /index.php?page=telechargement HTTP/1.1" 200 44 "http://10.10.10.156/index.php?page=connexion" "Mozilla/5.0 (Windows NT 10.0; Win64; x64) AppleWebKit/537.36 (KHTML, like Gecko) Chrome/58.0.3029.110 Safari/537.36"
10.8.0.6 - - [23/May/2017:11:10:29 +0200] "GET /index.php?page=connexion HTTP/1.1" 200 1434 "-" "Mozilla/5.0 (Windows NT 10.0; Win64; x64) AppleWebKit/537.36 (KHTML, like Gecko) Chrome/58.0.3029.110 Safari/537.36"
10.8.0.6 - - [23/May/2017:11:10:29 +0200] "GET /vue/login/form-2/assets/css/form-elements.css HTTP/1.1" 200 2511 "http://10.10.10.156/index.php?page=connexion" "Mozilla/5.0 (Windows NT 10.0; Win64; x64) AppleWebKit/537.36 (KHTML, like Gecko) Chrome/58.0.3029.110 Safari/537.36"
10.8.0.6 - - [23/May/2017:11:10:29 +0200] "GET /vue/login/form-2/assets/font-awesome/css/font-awesome.min.css HTTP/1.1" 200 23739 "http://10.10.10.156/index.php?page=connexion" "Mozilla/5.0 (Windows NT 10.0; Win64; x64) AppleWebKit/537.36 (KHTML, like Gecko) Chrome/58.0.3029.110 Safari/537.36"
10.8.0.6 - - [23/May/2017:11:10:29 +0200] "GET /vue/login/form-2/assets/css/style.css HTTP/1.1" 200 3496 "http://10.10.10.156/index.php?page=connexion" "Mozilla/5.0 (Windows NT 10.0; Win64; x64) AppleWebKit/537.36 (KHTML, like Gecko) Chrome/58.0.3029.110 Safari/537.36"
10.8.0.6 - - [23/May/2017:11:10:29 +0200] "GET /vue/login/form-2/assets/js/scripts.js HTTP/1.1" 200 923 "http://10.10.10.156/index.php?page=connexion" "Mozilla/5.0 (Windows NT 10.0; Win64; x64) AppleWebKit/537.36 (KHTML, like Gecko) Chrome/58.0.3029.110 Safari/537.36"
10.8.0.6 - - [23/May/2017:11:10:29 +0200] "GET /vue/login/form-2/assets/js/jquery.backstretch.min.js HTTP/1.1" 200 4233 "http://10.10.10.156/index.php?page=connexion" "Mozilla/5.0 (Windows NT 10.0; Win64; x64) AppleWebKit/537.36 (KHTML, like Gecko) Chrome/58.0.3029.110 Safari/537.36"
10.8.0.6 - - [23/May/2017:11:10:30 +0200] "GET /vue/login/form-2/assets/bootstrap/js/bootstrap.min.js HTTP/1.1" 200 35951 "http://10.10.10.156/index.php?page=connexion" "Mozilla/5.0 (Windows NT 10.0; Win64; x64) AppleWebKit/537.36 (KHTML, like Gecko) Chrome/58.0.3029.110 Safari/537.36"
10.8.0.6 - - [23/May/2017:11:10:30 +0200] "GET /vue/login/form-2/assets/js/jquery-1.11.1.min.js HTTP/1.1" 200 95786 "http://10.10.10.156/index.php?page=connexion" "Mozilla/5.0 (Windows NT 10.0; Win64; x64) AppleWebKit/537.36 (KHTML, like Gecko) Chrome/58.0.3029.110 Safari/537.36"
10.8.0.6 - - [23/May/2017:11:10:30 +0200] "GET /vue/login/form-2/assets/bootstrap/css/bootstrap.min.css HTTP/1.1" 200 117305 "http://10.10.10.156/index.php?page=connexion" "Mozilla/5.0 (Windows NT 10.0; Win64; x64) AppleWebKit/537.36 (KHTML, like Gecko) Chrome/58.0.3029.110 Safari/537.36"
10.8.0.6 - - [23/May/2017:11:10:31 +0200] "GET /vue/login/form-2/assets/font-awesome/fonts/fontawesome-webfont.woff2?v=4.3.0 HTTP/1.1" 200 56780 "http://10.10.10.156/vue/login/form-2/assets/font-awesome/css/font-awesome.min.css" "Mozilla/5.0 (Windows NT 10.0; Win64; x64) AppleWebKit/537.36 (KHTML, like Gecko) Chrome/58.0.3029.110 Safari/537.36"
10.8.0.6 - - [23/May/2017:11:10:34 +0200] "GET /vue/login/form-2/assets/img/backgrounds/2.jpg HTTP/1.1" 200 148239 "http://10.10.10.156/index.php?page=connexion" "Mozilla/5.0 (Windows NT 10.0; Win64; x64) AppleWebKit/537.36 (KHTML, like Gecko) Chrome/58.0.3029.110 Safari/537.36"
10.8.0.6 - - [23/May/2017:11:10:34 +0200] "GET /vue/login/form-2/assets/img/backgrounds/3.jpg HTTP/1.1" 200 170790 "http://10.10.10.156/index.php?page=connexion" "Mozilla/5.0 (Windows NT 10.0; Win64; x64) AppleWebKit/537.36 (KHTML, like Gecko) Chrome/58.0.3029.110 Safari/537.36"
10.8.0.6 - - [23/May/2017:11:10:35 +0200] "GET /vue/login/form-2/assets/img/backgrounds/1.jpg HTTP/1.1" 200 182322 "http://10.10.10.156/index.php?page=connexion" "Mozilla/5.0 (Windows NT 10.0; Win64; x64) AppleWebKit/537.36 (KHTML, like Gecko) Chrome/58.0.3029.110 Safari/537.36"
10.8.0.6 - - [23/May/2017:11:10:36 +0200] "GET /vue/login/form-2/assets/ico/favicon.png HTTP/1.1" 200 459 "http://10.10.10.156/index.php?page=connexion" "Mozilla/5.0 (Windows NT 10.0; Win64; x64) AppleWebKit/537.36 (KHTML, like Gecko) Chrome/58.0.3029.110 Safari/537.36"
10.8.0.6 - - [23/May/2017:11:10:39 +0200] "POST /index.php?page=connexion HTTP/1.1" 200 4092 "http://10.10.10.156/index.php?page=connexion" "Mozilla/5.0 (Windows NT 10.0; Win64; x64) AppleWebKit/537.36 (KHTML, like Gecko) Chrome/58.0.3029.110 Safari/537.36"
10.8.0.6 - - [23/May/2017:11:10:39 +0200] "GET /vue/page_principale/vendor/bootstrap/js/bootstrap.min.js HTTP/1.1" 200 37045 "http://10.10.10.156/index.php?page=connexion" "Mozilla/5.0 (Windows NT 10.0; Win64; x64) AppleWebKit/537.36 (KHTML, like Gecko) Chrome/58.0.3029.110 Safari/537.36"
10.8.0.6 - - [23/May/2017:11:10:39 +0200] "GET /vue/page_principale/vendor/font-awesome/css/font-awesome.min.css HTTP/1.1" 200 29063 "http://10.10.10.156/index.php?page=connexion" "Mozilla/5.0 (Windows NT 10.0; Win64; x64) AppleWebKit/537.36 (KHTML, like Gecko) Chrome/58.0.3029.110 Safari/537.36"
10.8.0.6 - - [23/May/2017:11:10:39 +0200] "GET /vue/page_principale/vendor/magnific-popup/magnific-popup.css HTTP/1.1" 200 6951 "http://10.10.10.156/index.php?page=connexion" "Mozilla/5.0 (Windows NT 10.0; Win64; x64) AppleWebKit/537.36 (KHTML, like Gecko) Chrome/58.0.3029.110 Safari/537.36"
